Component: ARM Compiler 5.06 update 6 (build 750) Tool: armlink [4d35ed]

==============================================================================

Section Cross References

    main.o(i.advertising_start) refers to nrf_log_frontend.o(i.nrf_log_frontend_std_0) for nrf_log_frontend_std_0
    main.o(i.advertising_start) refers to peer_manager.o(i.pm_peers_delete) for pm_peers_delete
    main.o(i.advertising_start) refers to ble_advertising.o(i.ble_advertising_start) for ble_advertising_start
    main.o(i.advertising_start) refers to app_error.o(i.app_error_handler_bare) for app_error_handler_bare
    main.o(i.advertising_start) refers to nrf_log_frontend.o(log_const_data) for m_nrf_log_app_logs_data_const
    main.o(i.advertising_start) refers to main.o(.bss) for .bss
    main.o(i.assert_nrf_callback) refers to app_error_handler_keil.o(.emb_text) for app_error_handler
    main.o(i.ble_evt_handler) refers to nrf_log_frontend.o(i.nrf_log_frontend_std_0) for nrf_log_frontend_std_0
    main.o(i.ble_evt_handler) refers to bsp.o(i.bsp_indication_set) for bsp_indication_set
    main.o(i.ble_evt_handler) refers to app_error.o(i.app_error_handler_bare) for app_error_handler_bare
    main.o(i.ble_evt_handler) refers to nrf_ble_qwr.o(i.nrf_ble_qwr_conn_handle_assign) for nrf_ble_qwr_conn_handle_assign
    main.o(i.ble_evt_handler) refers to nrf_log_frontend.o(log_const_data) for m_nrf_log_app_logs_data_const
    main.o(i.ble_evt_handler) refers to main.o(.data) for .data
    main.o(i.ble_evt_handler) refers to main.o(.bss) for .bss
    main.o(i.bsp_event_handler) refers to main.o(i.sleep_mode_enter) for sleep_mode_enter
    main.o(i.bsp_event_handler) refers to app_error.o(i.app_error_handler_bare) for app_error_handler_bare
    main.o(i.bsp_event_handler) refers to ble_advertising.o(i.ble_advertising_restart_without_whitelist) for ble_advertising_restart_without_whitelist
    main.o(i.bsp_event_handler) refers to main.o(.data) for .data
    main.o(i.bsp_event_handler) refers to main.o(.bss) for .bss
    main.o(i.conn_params_error_handler) refers to app_error.o(i.app_error_handler_bare) for app_error_handler_bare
    main.o(i.main) refers to nrf_log_frontend.o(i.nrf_log_init) for nrf_log_init
    main.o(i.main) refers to app_error.o(i.app_error_handler_bare) for app_error_handler_bare
    main.o(i.main) refers to nrf_log_default_backends.o(i.nrf_log_default_backends_init) for nrf_log_default_backends_init
    main.o(i.main) refers to app_timer.o(i.app_timer_init) for app_timer_init
    main.o(i.main) refers to app_timer.o(i.app_timer_create) for app_timer_create
    main.o(i.main) refers to bsp.o(i.bsp_init) for bsp_init
    main.o(i.main) refers to bsp_btn_ble.o(i.bsp_btn_ble_init) for bsp_btn_ble_init
    main.o(i.main) refers to nrf_pwr_mgmt.o(i.nrf_pwr_mgmt_init) for nrf_pwr_mgmt_init
    main.o(i.main) refers to nrf_sdh.o(i.nrf_sdh_enable_request) for nrf_sdh_enable_request
    main.o(i.main) refers to nrf_sdh_ble.o(i.nrf_sdh_ble_default_cfg_set) for nrf_sdh_ble_default_cfg_set
    main.o(i.main) refers to nrf_sdh_ble.o(i.nrf_sdh_ble_enable) for nrf_sdh_ble_enable
    main.o(i.main) refers to nrf_ble_gatt.o(i.nrf_ble_gatt_init) for nrf_ble_gatt_init
    main.o(i.main) refers to main.o(i.services_init) for services_init
    main.o(i.main) refers to memseta.o(.text) for __aeabi_memclr4
    main.o(i.main) refers to ble_advertising.o(i.ble_advertising_init) for ble_advertising_init
    main.o(i.main) refers to ble_advertising.o(i.ble_advertising_conn_cfg_tag_set) for ble_advertising_conn_cfg_tag_set
    main.o(i.main) refers to ble_conn_params.o(i.ble_conn_params_init) for ble_conn_params_init
    main.o(i.main) refers to main.o(i.peer_manager_init) for peer_manager_init
    main.o(i.main) refers to nrf_log_frontend.o(i.nrf_log_frontend_std_0) for nrf_log_frontend_std_0
    main.o(i.main) refers to main.o(i.advertising_start) for advertising_start
    main.o(i.main) refers to nrf_log_frontend.o(i.nrf_log_frontend_dequeue) for nrf_log_frontend_dequeue
    main.o(i.main) refers to nrf_pwr_mgmt.o(i.nrf_pwr_mgmt_run) for nrf_pwr_mgmt_run
    main.o(i.main) refers to main.o(i.notification_timeout_handler) for notification_timeout_handler
    main.o(i.main) refers to main.o(.constdata) for .constdata
    main.o(i.main) refers to main.o(i.bsp_event_handler) for bsp_event_handler
    main.o(i.main) refers to main.o(.bss) for .bss
    main.o(i.main) refers to main.o(.data) for .data
    main.o(i.main) refers to main.o(i.on_adv_evt) for on_adv_evt
    main.o(i.main) refers to main.o(i.on_conn_params_evt) for on_conn_params_evt
    main.o(i.main) refers to main.o(i.conn_params_error_handler) for conn_params_error_handler
    main.o(i.main) refers to nrf_log_frontend.o(log_const_data) for m_nrf_log_app_logs_data_const
    main.o(i.notification_timeout_handler) refers to ble_alarm.o(i.ble_alarm_custom_value_update) for ble_alarm_custom_value_update
[...]
    smd_params_reply                         0x0002f465   Thumb Code   168  security_dispatcher.o(i.smd_params_reply)
    store_car_value                          0x0002f689   Thumb Code    70  gatt_cache_manager.o(i.store_car_value)
    write_buf_store                          0x0002ff19   Thumb Code   202  peer_database.o(i.write_buf_store)
    nrf_fstorage_sd                          0x00030610   Data          32  nrf_fstorage_sd.o(.constdata)
    nrf_log_backend_uart_api                 0x00030790   Data          12  nrf_log_backend_uart.o(.constdata)
    m_ram_start                              0x00030840   Data           4  nrf_sdh_ble.o(.constdata)
    __ctype_table                            0x0003086c   Data         129  ctype_o.o(.constdata)
    Region$$Table$$Base                      0x00031d6c   Number         0  anon$$obj.o(Region$$Table)
    Region$$Table$$Limit                     0x00031d8c   Number         0  anon$$obj.o(Region$$Table)
    log_const_data$$Base                     0x00031d9c   Number         0  gatt_cache_manager.o(log_const_data)
    m_nrf_log_peer_manager_gcm_logs_data_const 0x00031d9c   Data           8  gatt_cache_manager.o(log_const_data)
    m_nrf_log_peer_manager_gscm_logs_data_const 0x00031da4   Data           8  gatts_cache_manager.o(log_const_data)
    m_nrf_log_peer_manager_im_logs_data_const 0x00031dac   Data           8  id_manager.o(log_const_data)
    m_nrf_log_nrf_ble_gatt_logs_data_const   0x00031db4   Data           8  nrf_ble_gatt.o(log_const_data)
    m_nrf_log_peer_manager_pds_logs_data_const 0x00031dbc   Data           8  peer_data_storage.o(log_const_data)
    m_nrf_log_peer_manager_pdb_logs_data_const 0x00031dc4   Data           8  peer_database.o(log_const_data)
    m_nrf_log_peer_manager_logs_data_const   0x00031dcc   Data           8  peer_manager.o(log_const_data)
    m_nrf_log_peer_manager_handler_logs_data_const 0x00031dd4   Data           8  peer_manager_handler.o(log_const_data)
    m_nrf_log_peer_manager_smd_logs_data_const 0x00031ddc   Data           8  security_dispatcher.o(log_const_data)
    m_nrf_log_peer_manager_sm_logs_data_const 0x00031de4   Data           8  security_manager.o(log_const_data)
    m_nrf_log_clock_logs_data_const          0x00031dec   Data           8  nrf_drv_clock.o(log_const_data)
    m_nrf_log_CLOCK_logs_data_const          0x00031df4   Data           8  nrfx_clock.o(log_const_data)
    m_nrf_log_GPIOTE_logs_data_const         0x00031dfc   Data           8  nrfx_gpiote.o(log_const_data)
    m_nrf_log_PRS_logs_data_const            0x00031e04   Data           8  nrfx_prs.o(log_const_data)
    m_nrf_log_UART_logs_data_const           0x00031e0c   Data           8  nrfx_uart.o(log_const_data)
    m_nrf_log_UARTE_logs_data_const          0x00031e14   Data           8  nrfx_uarte.o(log_const_data)
    m_nrf_log_nrf_fstorage_logs_data_const   0x00031e1c   Data           8  nrf_fstorage.o(log_const_data)
    m_nrf_log_pwr_mgmt_logs_data_const       0x00031e24   Data           8  nrf_pwr_mgmt.o(log_const_data)
    m_nrf_log_app_logs_data_const            0x00031e2c   Data           8  nrf_log_frontend.o(log_const_data)
    m_nrf_log_nrf_sdh_logs_data_const        0x00031e34   Data           8  nrf_sdh.o(log_const_data)
    m_nrf_log_nrf_sdh_ble_logs_data_const    0x00031e3c   Data           8  nrf_sdh_ble.o(log_const_data)
    m_nrf_log_nrf_sdh_soc_logs_data_const    0x00031e44   Data           8  nrf_sdh_soc.o(log_const_data)
    log_const_data$$Limit                    0x00031e4c   Number         0  nrf_sdh_soc.o(log_const_data)
    log_mempool                              0x00031e4c   Data          20  nrf_log_frontend.o(nrf_balloc)
    sdh_ble_observers0$$Base                 0x00031e60   Number         0  ble_conn_state.o(sdh_ble_observers0)
    sdh_ble_observers0$$Limit                0x00031e68   Number         0  ble_conn_state.o(sdh_ble_observers0)
    sdh_ble_observers1$$Base                 0x00031e68   Number         0  main.o(sdh_ble_observers1)
    sdh_ble_observers1$$Limit                0x00031e90   Number         0  peer_manager.o(sdh_ble_observers1)
    sdh_ble_observers2$$Base                 0x00031e90   Number         0  main.o(sdh_ble_observers2)
    sdh_ble_observers2$$Limit                0x00031ea0   Number         0  main.o(sdh_ble_observers2)
    sdh_ble_observers3$$Base                 0x00031ea0   Number         0  main.o(sdh_ble_observers3)
    m_req_obs                                0x00031ea8   Data           8  nrf_fstorage_sd.o(sdh_req_observers0)
    sdh_ble_observers3$$Limit                0x00031ea8   Number         0  main.o(sdh_ble_observers3)
    sdh_req_observers0$$Base                 0x00031ea8   Number         0  nrf_fstorage_sd.o(sdh_req_observers0)
    sdh_req_observers0$$Limit                0x00031eb0   Number         0  nrf_fstorage_sd.o(sdh_req_observers0)
    sdh_soc_observers0$$Base                 0x00031eb0   Number         0  nrf_drv_clock.o(sdh_soc_observers0)
    sdh_soc_observers0$$Limit                0x00031ec0   Number         0  nrf_fstorage_sd.o(sdh_soc_observers0)
    sdh_soc_observers1$$Base                 0x00031ec0   Number         0  main.o(sdh_soc_observers1)
    sdh_soc_observers1$$Limit                0x00031ec8   Number         0  main.o(sdh_soc_observers1)
    sdh_stack_observers0$$Base               0x00031ec8   Number         0  nrf_sdh_ble.o(sdh_stack_observers0)
    sdh_stack_observers0$$Limit              0x00031ed8   Number         0  nrf_sdh_soc.o(sdh_stack_observers0)
    sdh_state_observers0$$Base               0x00031ed8   Number         0  nrf_drv_clock.o(sdh_state_observers0)
    sdh_state_observers0$$Limit              0x00031ee8   Number         0  nrf_fstorage_sd.o(sdh_state_observers0)
    Image$$RW_IRAM1$$Base                    0x20002220   Number         0  anon$$obj.o ABSOLUTE
    nrf_drv_uart_use_easy_dma                0x20002304   Data           1  nrf_drv_uart.o(.data)
    m_uart                                   0x20002398   Data          20  nrf_log_backend_uart.o(.data)
    SystemCoreClock                          0x20002408   Data           4  system_nrf52.o(.data)
    fs_data$$Base                            0x2000240c   Number         0  fds.o(fs_data)
    m_fs                                     0x2000240c   Data          20  fds.o(fs_data)
    fs_data$$Limit                           0x20002420   Number         0  fds.o(fs_data)
    nrf_nvic_state                           0x20002cd8   Data          12  app_util_platform.o(.bss)
    __initial_sp                             0x20005450   Data           0  arm_startup_nrf52.o(STACK)



==============================================================================

Memory Map of the image

  Image Entry point : 0x00026201

  Load Region LR_IROM1 (Base: 0x00026000, Size: 0x0000c0e8, Max: 0x0005a000, ABSOLUTE, COMPRESSED[0x0000bf74])

    Execution Region ER_IROM1 (Exec base: 0x00026000, Load base: 0x00026000, Size: 0x0000bee8, Max: 0x0005a000, ABSOLUTE)

    Exec Addr    Load Addr    Size         Type   Attr      Idx    E Section Name        Object

    0x00026000   0x00026000   0x00000200   Data   RO         6905    RESET               arm_startup_nrf52.o
    0x00026200   0x00026200   0x00000000   Code   RO         6946  * .ARM.Collect$$$$00000000  mc_w.l(entry.o)
    0x00026200   0x00026200   0x00000004   Code   RO         7000    .ARM.Collect$$$$00000001  mc_w.l(entry2.o)
    0x00026204   0x00026204   0x00000004   Code   RO         7003    .ARM.Collect$$$$00000004  mc_w.l(entry5.o)
    0x00026208   0x00026208   0x00000000   Code   RO         7005    .ARM.Collect$$$$00000008  mc_w.l(entry7b.o)
    0x00026208   0x00026208   0x00000000   Code   RO         7007    .ARM.Collect$$$$0000000A  mc_w.l(entry8b.o)
    0x00026208   0x00026208   0x00000008   Code   RO         7008    .ARM.Collect$$$$0000000B  mc_w.l(entry9a.o)
    0x00026210   0x00026210   0x00000000   Code   RO         7010    .ARM.Collect$$$$0000000D  mc_w.l(entry10a.o)
    0x00026210   0x00026210   0x00000000   Code   RO         7012    .ARM.Collect$$$$0000000F  mc_w.l(entry11a.o)
    0x00026210   0x00026210   0x00000004   Code   RO         7001    .ARM.Collect$$$$00002712  mc_w.l(entry2.o)
    0x00026214   0x00026214   0x000000c8   Code   RO         5022    .emb_text           nrf_atfifo.o
    0x000262dc   0x000262dc   0x000000e2   Code   RO         5158    .emb_text           nrf_atomic.o
    0x000263be   0x000263be   0x00000002   PAD
    0x000263c0   0x000263c0   0x00000024   Code   RO         6906    .text               arm_startup_nrf52.o
    0x000263e4   0x000263e4   0x00000062   Code   RO         6954    .text               mc_w.l(uldiv.o)
    0x00026446   0x00026446   0x0000001e   Code   RO         6956    .text               mc_w.l(llshl.o)
    0x00026464   0x00026464   0x00000008   Code   RO         6958    .text               mc_w.l(ctype_o.o)
    0x0002646c   0x0002646c   0x00000024   Code   RO         6986    .text               mc_w.l(memcpya.o)
    0x00026490   0x00026490   0x00000024   Code   RO         6988    .text               mc_w.l(memseta.o)
    0x000264b4   0x000264b4   0x0000000e   Code   RO         6990    .text               mc_w.l(strlen.o)
    0x000264c2   0x000264c2   0x0000001a   Code   RO         6994    .text               mc_w.l(memcmp.o)
    0x000264dc   0x000264dc   0x00000020   Code   RO         7015    .text               mc_w.l(llushr.o)
    0x000264fc   0x000264fc   0x00000024   Code   RO         7018    .text               mc_w.l(init.o)
    0x00026520   0x00026520   0x00000056   Code   RO         7028    .text               mc_w.l(__dczerorl2.o)
    0x00026576   0x00026576   0x00000002   PAD
    0x00026578   0x00026578   0x00000164   Code   RO         3468    i.GPIOTE_IRQHandler  nrfx_gpiote.o
    0x000266dc   0x000266dc   0x00000016   Code   RO         4389    i.NVIC_ClearPendingIRQ  app_timer.o
    0x000266f2   0x000266f2   0x00000016   Code   RO         4390    i.NVIC_EnableIRQ    app_timer.o
    0x00026708   0x00026708   0x00000016   Code   RO         4391    i.NVIC_SetPendingIRQ  app_timer.o
    0x0002671e   0x0002671e   0x00000020   Code   RO         4392    i.NVIC_SetPriority  app_timer.o
    0x0002673e   0x0002673e   0x00000002   PAD
    0x00026740   0x00026740   0x00000058   Code   RO         3333    i.POWER_CLOCK_IRQHandler  nrfx_clock.o
    0x00026798   0x00026798   0x00000024   Code   RO         4393    i.RTC1_IRQHandler   app_timer.o
    0x000267bc   0x000267bc   0x00000004   Code   RO         4394    i.SWI0_EGU0_IRQHandler  app_timer.o
    0x000267c0   0x000267c0   0x00000004   Code   RO         6696    i.SWI2_EGU2_IRQHandler  nrf_sdh.o
    0x000267c4   0x000267c4   0x0000031c   Code   RO         6914    i.SystemInit        system_nrf52.o
    0x00026ae0   0x00026ae0   0x0000000c   Code   RO         3770    i.UARTE0_UART0_IRQHandler  nrfx_prs.o
    0x00026aec   0x00026aec   0x0000000e   Code   RO         7022    i.__scatterload_copy  mc_w.l(handlers.o)
    0x00026afa   0x00026afa   0x00000002   Code   RO         7023    i.__scatterload_null  mc_w.l(handlers.o)
    0x00026afc   0x00026afc   0x0000000e   Code   RO         7024    i.__scatterload_zeroinit  mc_w.l(handlers.o)
    0x00026b0a   0x00026b0a   0x00000002   PAD
    0x00026b0c   0x00026b0c   0x00000024   Code   RO         6697    i.__sd_nvic_app_accessible_irq  nrf_sdh.o
    0x00026b30   0x00026b30   0x0000013c   Code   RO         2697    i._conn_secure      peer_manager_handler.o
    0x00026c6c   0x00026c6c   0x00000026   Code   RO         1736    i.addr_compare      id_manager.o
    0x00026c92   0x00026c92   0x0000000c   Code   RO         5410    i.addr_is_aligned32  nrf_fstorage.o
    0x00026c9e   0x00026c9e   0x00000018   Code   RO         5411    i.addr_is_within_bounds  nrf_fstorage.o
    0x00026cb6   0x00026cb6   0x00000036   Code   RO          790    i.advertising_buttons_configure  bsp_btn_ble.o
    0x00026cec   0x00026cec   0x00000050   Code   RO            4    i.advertising_start  main.o
    0x00026d3c   0x00026d3c   0x00000052   Code   RO         1737    i.ah                id_manager.o
    0x00026d8e   0x00026d8e   0x00000006   Code   RO          667    i.alert_timer_handler  bsp.o
    0x00026d94   0x00026d94   0x0000000c   Code   RO         2838    i.allow_repairing   security_dispatcher.o
    0x00026da0   0x00026da0   0x00000024   Code   RO         4171    i.app_button_enable  app_button.o
    0x00026dc4   0x00026dc4   0x00000078   Code   RO         4172    i.app_button_init   app_button.o
    0x00026e3c   0x00026e3c   0x00000084   Code   RO         4295    i.app_error_fault_handler  app_error_weak.o
    0x00026ec0   0x00026ec0   0x00000016   Code   RO         4235    i.app_error_handler_bare  app_error.o
    0x00026ed6   0x00026ed6   0x00000002   PAD
    0x00026ed8   0x00026ed8   0x00000028   Code   RO         4397    i.app_timer_create  app_timer.o
    0x00026f00   0x00026f00   0x00000054   Code   RO         4398    i.app_timer_init    app_timer.o
    0x00026f54   0x00026f54   0x00000088   Code   RO         4401    i.app_timer_start   app_timer.o
    0x00026fdc   0x00026fdc   0x00000020   Code   RO         4402    i.app_timer_stop    app_timer.o
    0x00026ffc   0x00026ffc   0x00000048   Code   RO         4562    i.app_util_critical_region_enter  app_util_platform.o
    0x00027044   0x00027044   0x00000034   Code   RO         4563    i.app_util_critical_region_exit  app_util_platform.o
    0x00027078   0x00027078   0x00000088   Code   RO         3824    i.apply_config      nrfx_uart.o
    0x00027100   0x00027100   0x00000088   Code   RO         4015    i.apply_config      nrfx_uarte.o
    0x00027188   0x00027188   0x00000004   Code   RO         1470    i.apply_pending_handle  gatt_cache_manager.o
    0x0002718c   0x0002718c   0x00000180   Code   RO         2839    i.auth_status_success_process  security_dispatcher.o
    0x0002730c   0x0002730c   0x00000182   Code   RO          952    i.ble_advdata_encode  ble_advdata.o
    0x0002748e   0x0002748e   0x00000020   Code   RO          954    i.ble_advdata_parse  ble_advdata.o
    0x000274ae   0x000274ae   0x00000038   Code   RO          955    i.ble_advdata_search  ble_advdata.o
    0x000274e6   0x000274e6   0x00000006   Code   RO         1062    i.ble_advertising_conn_cfg_tag_set  ble_advertising.o
    0x000274ec   0x000274ec   0x0000011c   Code   RO         1063    i.ble_advertising_init  ble_advertising.o
    0x00027608   0x00027608   0x0000006a   Code   RO         1065    i.ble_advertising_on_ble_evt  ble_advertising.o
    0x00027672   0x00027672   0x00000002   Code   RO         1066    i.ble_advertising_on_sys_evt  ble_advertising.o
    0x00027674   0x00027674   0x0000003a   Code   RO         1068    i.ble_advertising_restart_without_whitelist  ble_advertising.o
    0x000276ae   0x000276ae   0x0000022c   Code   RO         1069    i.ble_advertising_start  ble_advertising.o
    0x000278da   0x000278da   0x00000060   Code   RO          413    i.ble_alarm_custom_value_update  ble_alarm.o
    0x0002793a   0x0002793a   0x00000002   PAD
    0x0002793c   0x0002793c   0x00000058   Code   RO          414    i.ble_alarm_init    ble_alarm.o
    0x00027994   0x00027994   0x0000003e   Code   RO          415    i.ble_alarm_on_ble_evt  ble_alarm.o
    0x000279d2   0x000279d2   0x00000002   PAD
    0x000279d4   0x000279d4   0x00000068   Code   RO         1167    i.ble_conn_params_init  ble_conn_params.o
    0x00027a3c   0x00027a3c   0x00000020   Code   RO         1252    i.ble_conn_state_encrypted  ble_conn_state.o
    0x00027a5c   0x00027a5c   0x0000002c   Code   RO         1254    i.ble_conn_state_for_each_set_user_flag  ble_conn_state.o
    0x00027a88   0x00027a88   0x00000020   Code   RO         1256    i.ble_conn_state_mitm_protected  ble_conn_state.o
    0x00027aa8   0x00027aa8   0x00000024   Code   RO         1259    i.ble_conn_state_role  ble_conn_state.o
    0x00027acc   0x00027acc   0x00000024   Code   RO         1260    i.ble_conn_state_status  ble_conn_state.o
    0x00027af0   0x00027af0   0x00000018   Code   RO         1261    i.ble_conn_state_user_flag_acquire  ble_conn_state.o
    0x00027b08   0x00027b08   0x00000030   Code   RO         1262    i.ble_conn_state_user_flag_get  ble_conn_state.o
    0x00027b38   0x00027b38   0x00000040   Code   RO         1263    i.ble_conn_state_user_flag_set  ble_conn_state.o
    0x00027b78   0x00027b78   0x00000014   Code   RO         1264    i.ble_conn_state_valid  ble_conn_state.o
    0x00027b8c   0x00027b8c   0x00000060   Code   RO          958    i.ble_device_addr_encode  ble_advdata.o
    0x00027bec   0x00027bec   0x000000c4   Code   RO            6    i.ble_evt_handler   main.o
    0x00027cb0   0x00027cb0   0x00000070   Code   RO          791    i.ble_evt_handler   bsp_btn_ble.o
    0x00027d20   0x00027d20   0x000000fc   Code   RO         1169    i.ble_evt_handler   ble_conn_params.o
    0x00027e1c   0x00027e1c   0x00000104   Code   RO         1265    i.ble_evt_handler   ble_conn_state.o
    0x00027f20   0x00027f20   0x00000028   Code   RO         2400    i.ble_evt_handler   peer_manager.o
    0x00027f48   0x00027f48   0x00000008   Code   RO         1410    i.ble_srv_is_notification_enabled  ble_srv_common.o
    0x00027f50   0x00027f50   0x0000000c   Code   RO          518    i.bsp_board_button_idx_to_pin  boards.o
    0x00027f5c   0x00027f5c   0x00000020   Code   RO          519    i.bsp_board_button_state_get  boards.o
    0x00027f7c   0x00027f7c   0x00000054   Code   RO          520    i.bsp_board_init    boards.o
    0x00027fd0   0x00027fd0   0x00000024   Code   RO          522    i.bsp_board_led_invert  boards.o
    0x00027ff4   0x00027ff4   0x00000010   Code   RO          523    i.bsp_board_led_off  boards.o
    0x00028004   0x00028004   0x00000010   Code   RO          524    i.bsp_board_led_on  boards.o
    0x00028014   0x00028014   0x00000020   Code   RO          525    i.bsp_board_led_state_get  boards.o
    0x00028034   0x00028034   0x00000012   Code   RO          526    i.bsp_board_leds_off  boards.o
    0x00028046   0x00028046   0x00000012   Code   RO          527    i.bsp_board_leds_on  boards.o
    0x00028058   0x00028058   0x00000024   Code   RO          528    i.bsp_board_pin_to_button_idx  boards.o
    0x0002807c   0x0002807c   0x00000038   Code   RO          792    i.bsp_btn_ble_init  bsp_btn_ble.o
    0x000280b4   0x000280b4   0x0000001e   Code   RO          793    i.bsp_btn_ble_sleep_mode_prepare  bsp_btn_ble.o
    0x000280d2   0x000280d2   0x00000002   PAD
    0x000280d4   0x000280d4   0x00000090   Code   RO          668    i.bsp_button_event_handler  bsp.o
    0x00028164   0x00028164   0x0000000c   Code   RO          669    i.bsp_button_is_pressed  bsp.o
    0x00028170   0x00028170   0x0000004c   Code   RO            7    i.bsp_event_handler  main.o
    0x000281bc   0x000281bc   0x00000044   Code   RO          672    i.bsp_event_to_button_action_assign  bsp.o
    0x00028200   0x00028200   0x00000018   Code   RO          673    i.bsp_indication_set  bsp.o
    0x00028218   0x00028218   0x00000094   Code   RO          674    i.bsp_init          bsp.o
    0x000282ac   0x000282ac   0x000001c8   Code   RO          675    i.bsp_led_indication  bsp.o
    0x00028474   0x00028474   0x00000006   Code   RO          677    i.bsp_wakeup_button_enable  bsp.o
    0x0002847a   0x0002847a   0x00000002   PAD
    0x0002847c   0x0002847c   0x00000090   Code   RO         6096    i.buf_prealloc      nrf_log_frontend.o
    0x0002850c   0x0002850c   0x0000001e   Code   RO         5370    i.buffer_add        nrf_fprintf_format.o
    0x0002852a   0x0002852a   0x00000002   PAD
    0x0002852c   0x0002852c   0x00000014   Code   RO         6097    i.buffer_is_empty   nrf_log_frontend.o
    0x00028540   0x00028540   0x00000008   Code   RO          678    i.button_timer_handler  bsp.o
    0x00028548   0x00028548   0x00000028   Code   RO         1471    i.car_update_needed  gatt_cache_manager.o
    0x00028570   0x00028570   0x00000028   Code   RO         1472    i.car_update_pending_handle  gatt_cache_manager.o
    0x00028598   0x00028598   0x0000001c   Code   RO         3469    i.channel_free      nrfx_gpiote.o
    0x000285b4   0x000285b4   0x00000048   Code   RO         3470    i.channel_port_alloc  nrfx_gpiote.o
    0x000285fc   0x000285fc   0x00000010   Code   RO         3471    i.channel_port_get  nrfx_gpiote.o
    0x0002860c   0x0002860c   0x0000003e   Code   RO         2310    i.claim             peer_id.o
    0x0002864a   0x0002864a   0x00000002   PAD
    0x0002864c   0x0002864c   0x00000028   Code   RO         3132    i.clock_clk_started_notify  nrf_drv_clock.o
    0x00028674   0x00028674   0x0000001c   Code   RO         3133    i.clock_irq_handler  nrf_drv_clock.o
    0x00028690   0x00028690   0x000000ac   Code   RO         4404    i.compare_reg_update  app_timer.o
    0x0002873c   0x0002873c   0x0000003e   Code   RO         1266    i.conn_handle_list_get  ble_conn_state.o
    0x0002877a   0x0002877a   0x00000088   Code   RO          959    i.conn_int_encode   ble_advdata.o
    0x00028802   0x00028802   0x00000004   Code   RO            8    i.conn_params_error_handler  main.o
    0x00028806   0x00028806   0x00000002   PAD
    0x00028808   0x00028808   0x00000048   Code   RO         1170    i.conn_params_negotiation  ble_conn_params.o
    0x00028850   0x00028850   0x00000044   Code   RO         2840    i.conn_sec_failure  security_dispatcher.o
    0x00028894   0x00028894   0x00000004   Code   RO         2698    i.conn_secure       peer_manager_handler.o
    0x00028898   0x00028898   0x0000014e   Code   RO          416    i.custom_value_char_add  ble_alarm.o
    0x000289e6   0x000289e6   0x00000002   PAD
    0x000289e8   0x000289e8   0x000000c0   Code   RO         1902    i.data_length_update  nrf_ble_gatt.o
    0x00028aa8   0x00028aa8   0x00000030   Code   RO         1473    i.db_update_pending_handle  gatt_cache_manager.o
    0x00028ad8   0x00028ad8   0x00000080   Code   RO         4657    i.delete_execute    fds.o
    0x00028b58   0x00028b58   0x00000098   Code   RO         4174    i.detection_delay_timeout_handler  app_button.o
    0x00028bf0   0x00028bf0   0x00000014   Code   RO         6098    i.dropped_sat16_get  nrf_log_frontend.o
    0x00028c04   0x00028c04   0x00000040   Code   RO         4405    i.elapsed_ticks_acquire  app_timer.o
    0x00028c44   0x00028c44   0x0000000a   Code   RO         2841    i.encryption_failure  security_dispatcher.o
    0x00028c4e   0x00028c4e   0x00000002   PAD
    0x00028c50   0x00028c50   0x0000004c   Code   RO         5497    i.erase             nrf_fstorage_sd.o
    0x00028c9c   0x00028c9c   0x00000074   Code   RO         4658    i.event_prepare     fds.o
    0x00028d10   0x00028d10   0x00000020   Code   RO         4659    i.event_send        fds.o
    0x00028d30   0x00028d30   0x00000054   Code   RO         5498    i.event_send        nrf_fstorage_sd.o
    0x00028d84   0x00028d84   0x000000ac   Code   RO         2979    i.events_send_from_err_code  security_manager.o
    0x00028e30   0x00028e30   0x0000001c   Code   RO         1474    i.evt_send          gatt_cache_manager.o
    0x00028e4c   0x00028e4c   0x0000002c   Code   RO         2401    i.evt_send          peer_manager.o
    0x00028e78   0x00028e78   0x0000001c   Code   RO         2842    i.evt_send          security_dispatcher.o
    0x00028e94   0x00028e94   0x0000000c   Code   RO         2980    i.evt_send          security_manager.o
    0x00028ea0   0x00028ea0   0x000000ec   Code   RO         2048    i.fds_evt_handler   peer_data_storage.o
    0x00028f8c   0x00028f8c   0x00000044   Code   RO         4661    i.fds_file_delete   fds.o
    0x00028fd0   0x00028fd0   0x0000003c   Code   RO         4662    i.fds_gc            fds.o
    0x0002900c   0x0002900c   0x000000d0   Code   RO         4663    i.fds_init          fds.o
    0x000290dc   0x000290dc   0x00000040   Code   RO         4664    i.fds_record_close  fds.o
    0x0002911c   0x0002911c   0x0000000e   Code   RO         4666    i.fds_record_find   fds.o
    0x0002912a   0x0002912a   0x00000010   Code   RO         4667    i.fds_record_find_by_key  fds.o
    0x0002913a   0x0002913a   0x00000010   Code   RO         4668    i.fds_record_find_in_file  fds.o
    0x0002914a   0x0002914a   0x00000010   Code   RO         4669    i.fds_record_id_from_desc  fds.o
    0x0002915a   0x0002915a   0x00000002   PAD
    0x0002915c   0x0002915c   0x00000048   Code   RO         4671    i.fds_record_open   fds.o
    0x000291a4   0x000291a4   0x0000000e   Code   RO         4672    i.fds_record_update  fds.o
    0x000291b2   0x000291b2   0x00000008   Code   RO         4673    i.fds_record_write  fds.o
    0x000291ba   0x000291ba   0x00000002   PAD
    0x000291bc   0x000291bc   0x0000002c   Code   RO         4675    i.fds_register      fds.o
    0x000291e8   0x000291e8   0x00000014   Code   RO         2049    i.file_id_within_pm_range  peer_data_storage.o
    0x000291fc   0x000291fc   0x00000012   Code   RO         2843    i.flag_id_init      security_dispatcher.o
    0x0002920e   0x0002920e   0x00000012   Code   RO         2981    i.flag_id_init      security_manager.o
    0x00029220   0x00029220   0x00000028   Code   RO         1071    i.flags_set         ble_advertising.o
    0x00029248   0x00029248   0x00000030   Code   RO         2982    i.flags_set_from_err_code  security_manager.o
    0x00029278   0x00029278   0x00000030   Code   RO         1267    i.for_each_set_flag  ble_conn_state.o
    0x000292a8   0x000292a8   0x00000006   Code   RO         4679    i.fs_event_handler  fds.o
    0x000292ae   0x000292ae   0x00000002   PAD
    0x000292b0   0x000292b0   0x0000007c   Code   RO         4680    i.gc_execute        fds.o
    0x0002932c   0x0002932c   0x0000004c   Code   RO         4681    i.gc_next_page      fds.o
    0x00029378   0x00029378   0x00000040   Code   RO         4682    i.gc_page_erase     fds.o
    0x000293b8   0x000293b8   0x00000034   Code   RO         4683    i.gc_record_copy    fds.o
    0x000293ec   0x000293ec   0x00000024   Code   RO         4684    i.gc_record_find_next  fds.o
    0x00029410   0x00029410   0x00000088   Code   RO         4685    i.gc_state_advance  fds.o
    0x00029498   0x00029498   0x000001b8   Code   RO         1475    i.gcm_ble_evt_handler  gatt_cache_manager.o
    0x00029650   0x00029650   0x0000003c   Code   RO         1476    i.gcm_im_evt_handler  gatt_cache_manager.o
    0x0002968c   0x0002968c   0x0000007c   Code   RO         1477    i.gcm_init          gatt_cache_manager.o
    0x00029708   0x00029708   0x00000088   Code   RO         1480    i.gcm_pdb_evt_handler  gatt_cache_manager.o
    0x00029790   0x00029790   0x00000084   Code   RO         4175    i.gpiote_event_handler  app_button.o
    0x00029814   0x00029814   0x0000001c   Code   RO         1646    i.gscm_db_change_notification_done  gatts_cache_manager.o
    0x00029830   0x00029830   0x00000014   Code   RO         1647    i.gscm_init         gatts_cache_manager.o
    0x00029844   0x00029844   0x00000090   Code   RO         1649    i.gscm_local_db_cache_apply  gatts_cache_manager.o
    0x000298d4   0x000298d4   0x000000ac   Code   RO         1650    i.gscm_local_db_cache_update  gatts_cache_manager.o
    0x00029980   0x00029980   0x00000018   Code   RO         1651    i.gscm_pdb_evt_handler  gatts_cache_manager.o
    0x00029998   0x00029998   0x0000001e   Code   RO         1652    i.gscm_service_changed_ind_needed  gatts_cache_manager.o
    0x000299b6   0x000299b6   0x00000002   PAD
    0x000299b8   0x000299b8   0x0000005c   Code   RO         1653    i.gscm_service_changed_ind_send  gatts_cache_manager.o
    0x00029a14   0x00029a14   0x00000026   Code   RO         4686    i.header_check      fds.o
    0x00029a3a   0x00029a3a   0x00000012   Code   RO         4687    i.header_has_next   fds.o
    0x00029a4c   0x00029a4c   0x00000046   Code   RO         1738    i.im_address_resolve  id_manager.o
    0x00029a92   0x00029a92   0x00000002   PAD
    0x00029a94   0x00029a94   0x00000038   Code   RO         1739    i.im_ble_addr_get   id_manager.o
    0x00029acc   0x00029acc   0x000000dc   Code   RO         1740    i.im_ble_evt_handler  id_manager.o
    0x00029ba8   0x00029ba8   0x00000040   Code   RO         1741    i.im_conn_handle_get  id_manager.o
    0x00029be8   0x00029be8   0x00000038   Code   RO         1743    i.im_find_duplicate_bonding_data  id_manager.o
    0x00029c20   0x00029c20   0x00000072   Code   RO         1746    i.im_is_duplicate_bonding_data  id_manager.o
    0x00029c92   0x00029c92   0x00000018   Code   RO         1747    i.im_master_id_is_valid  id_manager.o
    0x00029caa   0x00029caa   0x0000002a   Code   RO         1748    i.im_master_ids_compare  id_manager.o
    0x00029cd4   0x00029cd4   0x00000014   Code   RO         1749    i.im_new_peer_id    id_manager.o
    0x00029ce8   0x00029ce8   0x0000002c   Code   RO         1750    i.im_peer_free      id_manager.o
    0x00029d14   0x00029d14   0x00000024   Code   RO         1751    i.im_peer_id_get_by_conn_handle  id_manager.o
    0x00029d38   0x00029d38   0x0000003c   Code   RO         1752    i.im_peer_id_get_by_master_id  id_manager.o
    0x00029d74   0x00029d74   0x00000034   Code   RO         5499    i.init              nrf_fstorage_sd.o
    0x00029da8   0x00029da8   0x000000c8   Code   RO         4688    i.init_execute      fds.o
    0x00029e70   0x00029e70   0x00000014   Code   RO         1171    i.instance_get      ble_conn_params.o
    0x00029e84   0x00029e84   0x000000a6   Code   RO         5371    i.int_print         nrf_fprintf_format.o
    0x00029f2a   0x00029f2a   0x00000002   PAD
    0x00029f2c   0x00029f2c   0x00000080   Code   RO         4016    i.interrupts_enable  nrfx_uarte.o
    0x00029fac   0x00029fac   0x00000034   Code   RO         6099    i.invalid_packets_omit  nrf_log_frontend.o
    0x00029fe0   0x00029fe0   0x00000010   Code   RO         5500    i.is_busy           nrf_fstorage_sd.o
    0x00029ff0   0x00029ff0   0x00000044   Code   RO         1172    i.is_conn_params_ok  ble_conn_params.o
    0x0002a034   0x0002a034   0x00000014   Code   RO         1757    i.is_valid_irk      id_manager.o
    0x0002a048   0x0002a048   0x0000000c   Code   RO         4689    i.is_word_aligned   fds.o
    0x0002a054   0x0002a054   0x00000030   Code   RO          679    i.leds_off          bsp.o
    0x0002a084   0x0002a084   0x00000014   Code   RO          680    i.leds_timer_handler  bsp.o
    0x0002a098   0x0002a098   0x00000014   Code   RO         1903    i.link_init         nrf_ble_gatt.o
    0x0002a0ac   0x0002a0ac   0x000000d0   Code   RO         2983    i.link_secure       security_manager.o
    0x0002a17c   0x0002a17c   0x0000003c   Code   RO         2844    i.link_secure_failure  security_dispatcher.o
    0x0002a1b8   0x0002a1b8   0x0000002c   Code   RO         2984    i.link_secure_pending_handle  security_manager.o
    0x0002a1e4   0x0002a1e4   0x000000f8   Code   RO         4406    i.list_insertions_handler  app_timer.o
    0x0002a2dc   0x0002a2dc   0x000000a8   Code   RO         1481    i.local_db_apply_in_evt  gatt_cache_manager.o
    0x0002a384   0x0002a384   0x00000010   Code   RO         1482    i.local_db_update   gatt_cache_manager.o
    0x0002a394   0x0002a394   0x0000010c   Code   RO         1483    i.local_db_update_in_evt  gatt_cache_manager.o
    0x0002a4a0   0x0002a4a0   0x0000009c   Code   RO         6100    i.log_skip          nrf_log_frontend.o
    0x0002a53c   0x0002a53c   0x000001ec   Code   RO            9    i.main              main.o
    0x0002a728   0x0002a728   0x00000064   Code   RO          960    i.manuf_specific_data_encode  ble_advdata.o
    0x0002a78c   0x0002a78c   0x0000007e   Code   RO         5609    i.memobj_op         nrf_memobj.o
    0x0002a80a   0x0002a80a   0x00000002   PAD
    0x0002a80c   0x0002a80c   0x00000030   Code   RO         6101    i.module_idx_get    nrf_log_frontend.o
    0x0002a83c   0x0002a83c   0x00000008   Code   RO         2791    i.mutex_lock_status_get  pm_buffer.o
    0x0002a844   0x0002a844   0x000000a6   Code   RO          961    i.name_encode       ble_advdata.o
    0x0002a8ea   0x0002a8ea   0x00000002   PAD
    0x0002a8ec   0x0002a8ec   0x00000014   Code   RO         2985    i.new_context_get   security_manager.o
    0x0002a900   0x0002a900   0x00000030   Code   RO         2311    i.next_id_get       peer_id.o
    0x0002a930   0x0002a930   0x00000034   Code   RO           10    i.notification_timeout_handler  main.o
    0x0002a964   0x0002a964   0x00000010   Code   RO         5024    i.nrf_atfifo_clear  nrf_atfifo.o
    0x0002a974   0x0002a974   0x00000026   Code   RO         5026    i.nrf_atfifo_init   nrf_atfifo.o
    0x0002a99a   0x0002a99a   0x00000016   Code   RO         5027    i.nrf_atfifo_item_alloc  nrf_atfifo.o
    0x0002a9b0   0x0002a9b0   0x00000016   Code   RO         5028    i.nrf_atfifo_item_free  nrf_atfifo.o
    0x0002a9c6   0x0002a9c6   0x00000016   Code   RO         5029    i.nrf_atfifo_item_get  nrf_atfifo.o
    0x0002a9dc   0x0002a9dc   0x00000016   Code   RO         5030    i.nrf_atfifo_item_put  nrf_atfifo.o
    0x0002a9f2   0x0002a9f2   0x00000016   Code   RO         5092    i.nrf_atflags_clear  nrf_atflags.o
    0x0002aa08   0x0002aa08   0x00000020   Code   RO         5094    i.nrf_atflags_fetch_set  nrf_atflags.o
    0x0002aa28   0x0002aa28   0x0000004a   Code   RO         5096    i.nrf_atflags_find_and_set_flag  nrf_atflags.o
    0x0002aa72   0x0002aa72   0x00000016   Code   RO         5097    i.nrf_atflags_get   nrf_atflags.o
    0x0002aa88   0x0002aa88   0x00000014   Code   RO         5099    i.nrf_atflags_set   nrf_atflags.o
    0x0002aa9c   0x0002aa9c   0x00000006   Code   RO         5160    i.nrf_atomic_flag_clear_fetch  nrf_atomic.o
    0x0002aaa2   0x0002aaa2   0x00000006   Code   RO         5161    i.nrf_atomic_flag_set  nrf_atomic.o
    0x0002aaa8   0x0002aaa8   0x00000006   Code   RO         5162    i.nrf_atomic_flag_set_fetch  nrf_atomic.o
    0x0002aaae   0x0002aaae   0x0000000c   Code   RO         5163    i.nrf_atomic_u32_add  nrf_atomic.o
    0x0002aaba   0x0002aaba   0x0000000c   Code   RO         5164    i.nrf_atomic_u32_and  nrf_atomic.o
    0x0002aac6   0x0002aac6   0x0000000a   Code   RO         5166    i.nrf_atomic_u32_fetch_add  nrf_atomic.o
    0x0002aad0   0x0002aad0   0x0000000a   Code   RO         5167    i.nrf_atomic_u32_fetch_and  nrf_atomic.o
    0x0002aada   0x0002aada   0x0000000a   Code   RO         5168    i.nrf_atomic_u32_fetch_or  nrf_atomic.o
    0x0002aae4   0x0002aae4   0x0000000a   Code   RO         5169    i.nrf_atomic_u32_fetch_store  nrf_atomic.o
    0x0002aaee   0x0002aaee   0x0000000c   Code   RO         5173    i.nrf_atomic_u32_or  nrf_atomic.o
    0x0002aafa   0x0002aafa   0x0000000c   Code   RO         5175    i.nrf_atomic_u32_sub  nrf_atomic.o
    0x0002ab06   0x0002ab06   0x00000044   Code   RO         5294    i.nrf_balloc_alloc  nrf_balloc.o
    0x0002ab4a   0x0002ab4a   0x00000030   Code   RO         5295    i.nrf_balloc_free   nrf_balloc.o
    0x0002ab7a   0x0002ab7a   0x00000030   Code   RO         5296    i.nrf_balloc_init   nrf_balloc.o
    0x0002abaa   0x0002abaa   0x00000010   Code   RO         3472    i.nrf_bitmask_bit_is_set  nrfx_gpiote.o
    0x0002abba   0x0002abba   0x00000014   Code   RO         3473    i.nrf_bitmask_bit_set  nrfx_gpiote.o
    0x0002abce   0x0002abce   0x00000022   Code   RO         1909    i.nrf_ble_gatt_init  nrf_ble_gatt.o
    0x0002abf0   0x0002abf0   0x00000150   Code   RO         1910    i.nrf_ble_gatt_on_ble_evt  nrf_ble_gatt.o
    0x0002ad40   0x0002ad40   0x00000016   Code   RO         2004    i.nrf_ble_qwr_conn_handle_assign  nrf_ble_qwr.o
    0x0002ad56   0x0002ad56   0x00000024   Code   RO         2005    i.nrf_ble_qwr_init  nrf_ble_qwr.o
    0x0002ad7a   0x0002ad7a   0x000000b6   Code   RO         2006    i.nrf_ble_qwr_on_ble_evt  nrf_ble_qwr.o
    0x0002ae30   0x0002ae30   0x0000000e   Code   RO         3334    i.nrf_clock_event_check  nrfx_clock.o
    0x0002ae3e   0x0002ae3e   0x00000010   Code   RO         3335    i.nrf_clock_event_clear  nrfx_clock.o
    0x0002ae4e   0x0002ae4e   0x00000002   PAD
    0x0002ae50   0x0002ae50   0x00000038   Code   RO         3140    i.nrf_drv_clock_init  nrf_drv_clock.o
    0x0002ae88   0x0002ae88   0x00000030   Code   RO         3144    i.nrf_drv_clock_lfclk_release  nrf_drv_clock.o
    0x0002aeb8   0x0002aeb8   0x00000068   Code   RO         3281    i.nrf_drv_uart_init  nrf_drv_uart.o
    0x0002af20   0x0002af20   0x0000001a   Code   RO         5331    i.nrf_fprintf       nrf_fprintf.o
    0x0002af3a   0x0002af3a   0x00000018   Code   RO         5332    i.nrf_fprintf_buffer_flush  nrf_fprintf.o
    0x0002af52   0x0002af52   0x000001da   Code   RO         5372    i.nrf_fprintf_fmt   nrf_fprintf_format.o
    0x0002b12c   0x0002b12c   0x00000138   Code   RO         5412    i.nrf_fstorage_erase  nrf_fstorage.o
    0x0002b264   0x0002b264   0x00000094   Code   RO         5413    i.nrf_fstorage_init  nrf_fstorage.o
    0x0002b2f8   0x0002b2f8   0x00000018   Code   RO         5501    i.nrf_fstorage_sdh_req_handler  nrf_fstorage_sd.o
    0x0002b310   0x0002b310   0x00000020   Code   RO         5502    i.nrf_fstorage_sdh_state_handler  nrf_fstorage_sd.o
    0x0002b330   0x0002b330   0x000000a4   Code   RO         5503    i.nrf_fstorage_sys_evt_handler  nrf_fstorage_sd.o
    0x0002b3d4   0x0002b3d4   0x000001dc   Code   RO         5419    i.nrf_fstorage_write  nrf_fstorage.o
    0x0002b5b0   0x0002b5b0   0x00000024   Code   RO          530    i.nrf_gpio_cfg      boards.o
    0x0002b5d4   0x0002b5d4   0x00000024   Code   RO         3474    i.nrf_gpio_cfg      nrfx_gpiote.o
    0x0002b5f8   0x0002b5f8   0x00000024   Code   RO         3825    i.nrf_gpio_cfg      nrfx_uart.o
    0x0002b61c   0x0002b61c   0x00000024   Code   RO         4017    i.nrf_gpio_cfg      nrfx_uarte.o
    0x0002b640   0x0002b640   0x00000012   Code   RO         3826    i.nrf_gpio_cfg_default  nrfx_uart.o
    0x0002b652   0x0002b652   0x00000012   Code   RO         4018    i.nrf_gpio_cfg_default  nrfx_uarte.o
    0x0002b664   0x0002b664   0x00000012   Code   RO         3827    i.nrf_gpio_cfg_input  nrfx_uart.o
    0x0002b676   0x0002b676   0x00000012   Code   RO         4019    i.nrf_gpio_cfg_input  nrfx_uarte.o
    0x0002b688   0x0002b688   0x00000014   Code   RO         3828    i.nrf_gpio_cfg_output  nrfx_uart.o
    0x0002b69c   0x0002b69c   0x00000014   Code   RO         4020    i.nrf_gpio_cfg_output  nrfx_uarte.o
    0x0002b6b0   0x0002b6b0   0x00000022   Code   RO         3476    i.nrf_gpio_cfg_sense_set  nrfx_gpiote.o
    0x0002b6d2   0x0002b6d2   0x00000016   Code   RO          531    i.nrf_gpio_pin_write  boards.o
    0x0002b6e8   0x0002b6e8   0x00000028   Code   RO         3477    i.nrf_gpio_ports_read  nrfx_gpiote.o
    0x0002b710   0x0002b710   0x00000014   Code   RO         3478    i.nrf_gpiote_event_clear  nrfx_gpiote.o
    0x0002b724   0x0002b724   0x00000010   Code   RO         3479    i.nrf_gpiote_event_is_set  nrfx_gpiote.o
    0x0002b734   0x0002b734   0x0000005c   Code   RO         6102    i.nrf_log_backend_add  nrf_log_frontend.o
    0x0002b790   0x0002b790   0x000000c8   Code   RO         5941    i.nrf_log_backend_serial_put  nrf_log_backend_serial.o
    0x0002b858   0x0002b858   0x00000002   Code   RO         5981    i.nrf_log_backend_uart_flush  nrf_log_backend_uart.o
    0x0002b85a   0x0002b85a   0x00000006   Code   RO         5982    i.nrf_log_backend_uart_init  nrf_log_backend_uart.o
    0x0002b860   0x0002b860   0x0000002c   Code   RO         5983    i.nrf_log_backend_uart_panic_set  nrf_log_backend_uart.o
    0x0002b88c   0x0002b88c   0x00000018   Code   RO         5984    i.nrf_log_backend_uart_put  nrf_log_backend_uart.o
    0x0002b8a4   0x0002b8a4   0x00000030   Code   RO         6104    i.nrf_log_color_id_get  nrf_log_frontend.o
    0x0002b8d4   0x0002b8d4   0x0000001c   Code   RO         6060    i.nrf_log_default_backends_init  nrf_log_default_backends.o
    0x0002b8f0   0x0002b8f0   0x00000234   Code   RO         6105    i.nrf_log_frontend_dequeue  nrf_log_frontend.o
    0x0002bb24   0x0002bb24   0x00000008   Code   RO         6107    i.nrf_log_frontend_std_0  nrf_log_frontend.o
    0x0002bb2c   0x0002bb2c   0x0000000e   Code   RO         6108    i.nrf_log_frontend_std_1  nrf_log_frontend.o
    0x0002bb3a   0x0002bb3a   0x00000010   Code   RO         6109    i.nrf_log_frontend_std_2  nrf_log_frontend.o
    0x0002bb4a   0x0002bb4a   0x00000012   Code   RO         6110    i.nrf_log_frontend_std_3  nrf_log_frontend.o
    0x0002bb5c   0x0002bb5c   0x00000014   Code   RO         6111    i.nrf_log_frontend_std_4  nrf_log_frontend.o
    0x0002bb70   0x0002bb70   0x000000ac   Code   RO         6282    i.nrf_log_hexdump_entry_process  nrf_log_str_formatter.o
    0x0002bc1c   0x0002bc1c   0x0000003c   Code   RO         6114    i.nrf_log_init      nrf_log_frontend.o
    0x0002bc58   0x0002bc58   0x00000014   Code   RO         6115    i.nrf_log_module_cnt_get  nrf_log_frontend.o
    0x0002bc6c   0x0002bc6c   0x0000001c   Code   RO         6118    i.nrf_log_module_name_get  nrf_log_frontend.o
    0x0002bc88   0x0002bc88   0x0000002c   Code   RO         6119    i.nrf_log_panic     nrf_log_frontend.o
    0x0002bcb4   0x0002bcb4   0x000000b6   Code   RO         6283    i.nrf_log_std_entry_process  nrf_log_str_formatter.o
    0x0002bd6a   0x0002bd6a   0x00000060   Code   RO         5610    i.nrf_memobj_alloc  nrf_memobj.o
    0x0002bdca   0x0002bdca   0x00000032   Code   RO         5611    i.nrf_memobj_free   nrf_memobj.o
    0x0002bdfc   0x0002bdfc   0x00000008   Code   RO         5612    i.nrf_memobj_get    nrf_memobj.o
    0x0002be04   0x0002be04   0x00000004   Code   RO         5613    i.nrf_memobj_pool_init  nrf_memobj.o
    0x0002be08   0x0002be08   0x0000001e   Code   RO         5614    i.nrf_memobj_put    nrf_memobj.o
    0x0002be26   0x0002be26   0x00000010   Code   RO         5615    i.nrf_memobj_read   nrf_memobj.o
    0x0002be36   0x0002be36   0x00000010   Code   RO         5616    i.nrf_memobj_write  nrf_memobj.o
    0x0002be46   0x0002be46   0x00000002   PAD
    0x0002be48   0x0002be48   0x00000028   Code   RO         5688    i.nrf_pwr_mgmt_init  nrf_pwr_mgmt.o
    0x0002be70   0x0002be70   0x00000044   Code   RO         5689    i.nrf_pwr_mgmt_run  nrf_pwr_mgmt.o
    0x0002beb4   0x0002beb4   0x00000004   Code   RO           11    i.nrf_qwr_error_handler  main.o
    0x0002beb8   0x0002beb8   0x0000001c   Code   RO         5765    i.nrf_ringbuf_init  nrf_ringbuf.o
    0x0002bed4   0x0002bed4   0x00000014   Code   RO         6817    i.nrf_sdh_ble_app_ram_start_get  nrf_sdh_ble.o
    0x0002bee8   0x0002bee8   0x00000100   Code   RO         6818    i.nrf_sdh_ble_default_cfg_set  nrf_sdh_ble.o
    0x0002bfe8   0x0002bfe8   0x00000130   Code   RO         6819    i.nrf_sdh_ble_enable  nrf_sdh_ble.o
    0x0002c118   0x0002c118   0x0000005c   Code   RO         6820    i.nrf_sdh_ble_evts_poll  nrf_sdh_ble.o
    0x0002c174   0x0002c174   0x00000054   Code   RO         6698    i.nrf_sdh_disable_request  nrf_sdh.o
    0x0002c1c8   0x0002c1c8   0x00000074   Code   RO         6699    i.nrf_sdh_enable_request  nrf_sdh.o
    0x0002c23c   0x0002c23c   0x00000024   Code   RO         6700    i.nrf_sdh_evts_poll  nrf_sdh.o
    0x0002c260   0x0002c260   0x0000000c   Code   RO         6701    i.nrf_sdh_is_enabled  nrf_sdh.o
    0x0002c26c   0x0002c26c   0x0000001c   Code   RO         6703    i.nrf_sdh_request_continue  nrf_sdh.o
    0x0002c288   0x0002c288   0x0000003c   Code   RO         6871    i.nrf_sdh_soc_evts_poll  nrf_sdh_soc.o
    0x0002c2c4   0x0002c2c4   0x0000000a   Code   RO         5823    i.nrf_section_iter_init  nrf_section_iter.o
    0x0002c2ce   0x0002c2ce   0x00000024   Code   RO         5824    i.nrf_section_iter_item_set  nrf_section_iter.o
    0x0002c2f2   0x0002c2f2   0x00000020   Code   RO         5825    i.nrf_section_iter_next  nrf_section_iter.o
    0x0002c312   0x0002c312   0x00000002   PAD
    0x0002c314   0x0002c314   0x00000038   Code   RO         5858    i.nrf_strerror_find  nrf_strerror.o
    0x0002c34c   0x0002c34c   0x00000014   Code   RO         5859    i.nrf_strerror_get  nrf_strerror.o
    0x0002c360   0x0002c360   0x0000000a   Code   RO         3829    i.nrf_uart_event_check  nrfx_uart.o
    0x0002c36a   0x0002c36a   0x0000000c   Code   RO         3830    i.nrf_uart_event_clear  nrfx_uart.o
    0x0002c376   0x0002c376   0x0000000c   Code   RO         3831    i.nrf_uart_int_enable_check  nrfx_uart.o
    0x0002c382   0x0002c382   0x0000000a   Code   RO         4021    i.nrf_uarte_event_check  nrfx_uarte.o
    0x0002c38c   0x0002c38c   0x0000000c   Code   RO         4022    i.nrf_uarte_event_clear  nrfx_uarte.o
    0x0002c398   0x0002c398   0x00000030   Code   RO         3340    i.nrfx_clock_enable  nrfx_clock.o
    0x0002c3c8   0x0002c3c8   0x00000020   Code   RO         3343    i.nrfx_clock_init   nrfx_clock.o
    0x0002c3e8   0x0002c3e8   0x0000001c   Code   RO         3346    i.nrfx_clock_lfclk_stop  nrfx_clock.o
    0x0002c404   0x0002c404   0x00000010   Code   RO         4407    i.nrfx_coredep_delay_us  app_timer.o
    0x0002c414   0x0002c414   0x000000a4   Code   RO         3484    i.nrfx_gpiote_in_event_enable  nrfx_gpiote.o
    0x0002c4b8   0x0002c4b8   0x000000d0   Code   RO         3485    i.nrfx_gpiote_in_init  nrfx_gpiote.o
    0x0002c588   0x0002c588   0x00000014   Code   RO         3486    i.nrfx_gpiote_in_is_set  nrfx_gpiote.o
    0x0002c59c   0x0002c59c   0x00000070   Code   RO         3488    i.nrfx_gpiote_init  nrfx_gpiote.o
    0x0002c60c   0x0002c60c   0x00000014   Code   RO         3489    i.nrfx_gpiote_is_init  nrfx_gpiote.o
    0x0002c620   0x0002c620   0x00000010   Code   RO         4023    i.nrfx_is_in_ram    nrfx_uarte.o
    0x0002c630   0x0002c630   0x0000003a   Code   RO         3771    i.nrfx_prs_acquire  nrfx_prs.o
    0x0002c66a   0x0002c66a   0x00000012   Code   RO         3772    i.nrfx_prs_release  nrfx_prs.o
    0x0002c67c   0x0002c67c   0x00000010   Code   RO         3832    i.nrfx_uart_0_irq_handler  nrfx_uart.o
    0x0002c68c   0x0002c68c   0x000000d4   Code   RO         3834    i.nrfx_uart_init    nrfx_uart.o
    0x0002c760   0x0002c760   0x000000a4   Code   RO         3840    i.nrfx_uart_tx      nrfx_uart.o
    0x0002c804   0x0002c804   0x00000020   Code   RO         3842    i.nrfx_uart_tx_in_progress  nrfx_uart.o
    0x0002c824   0x0002c824   0x000000b4   Code   RO         3843    i.nrfx_uart_uninit  nrfx_uart.o
    0x0002c8d8   0x0002c8d8   0x00000010   Code   RO         4024    i.nrfx_uarte_0_irq_handler  nrfx_uarte.o
    0x0002c8e8   0x0002c8e8   0x0000006c   Code   RO         4026    i.nrfx_uarte_init   nrfx_uarte.o
    0x0002c954   0x0002c954   0x00000090   Code   RO         4030    i.nrfx_uarte_tx     nrfx_uarte.o
    0x0002c9e4   0x0002c9e4   0x0000001c   Code   RO         4032    i.nrfx_uarte_tx_in_progress  nrfx_uarte.o
    0x0002ca00   0x0002ca00   0x000000b0   Code   RO         4033    i.nrfx_uarte_uninit  nrfx_uarte.o
    0x0002cab0   0x0002cab0   0x00000054   Code   RO           12    i.on_adv_evt        main.o
    0x0002cb04   0x0002cb04   0x00000034   Code   RO           13    i.on_alarm_evt      main.o
    0x0002cb38   0x0002cb38   0x0000001c   Code   RO           14    i.on_conn_params_evt  main.o
    0x0002cb54   0x0002cb54   0x000000a8   Code   RO         1911    i.on_connected_evt  nrf_ble_gatt.o
    0x0002cbfc   0x0002cbfc   0x000000ac   Code   RO         1912    i.on_exchange_mtu_request_evt  nrf_ble_gatt.o
    0x0002cca8   0x0002cca8   0x00000098   Code   RO          417    i.on_write          ble_alarm.o
    0x0002cd40   0x0002cd40   0x00000024   Code   RO         4690    i.page_identify     fds.o
    0x0002cd64   0x0002cd64   0x0000001c   Code   RO         4691    i.page_offsets_update  fds.o
    0x0002cd80   0x0002cd80   0x0000006c   Code   RO         4692    i.page_scan         fds.o
    0x0002cdec   0x0002cdec   0x0000001c   Code   RO         4693    i.page_tag_write_data  fds.o
    0x0002ce08   0x0002ce08   0x00000024   Code   RO         4694    i.page_tag_write_swap  fds.o
    0x0002ce2c   0x0002ce2c   0x0000011c   Code   RO         4695    i.pages_init        fds.o
    0x0002cf48   0x0002cf48   0x0000000c   Code   RO         2845    i.pairing           security_dispatcher.o
    0x0002cf54   0x0002cf54   0x00000074   Code   RO         2846    i.pairing_failure   security_dispatcher.o
    0x0002cfc8   0x0002cfc8   0x0000002e   Code   RO         2847    i.pairing_success_evt_send  security_dispatcher.o
    0x0002cff6   0x0002cff6   0x00000006   Code   RO         2986    i.params_reply_pending_handle  security_manager.o
    0x0002cffc   0x0002cffc   0x00000028   Code   RO         2987    i.params_req_send   security_manager.o
    0x0002d024   0x0002d024   0x0000001c   Code   RO         2191    i.pdb_evt_send      peer_database.o
    0x0002d040   0x0002d040   0x00000090   Code   RO         2192    i.pdb_init          peer_database.o
    0x0002d0d0   0x0002d0d0   0x0000007c   Code   RO         2193    i.pdb_pds_evt_handler  peer_database.o
    0x0002d14c   0x0002d14c   0x00000006   Code   RO         2194    i.pdb_peer_data_ptr_get  peer_database.o
    0x0002d152   0x0002d152   0x00000002   PAD
    0x0002d154   0x0002d154   0x0000008c   Code   RO         2195    i.pdb_peer_free     peer_database.o
    0x0002d1e0   0x0002d1e0   0x000000dc   Code   RO         2196    i.pdb_write_buf_get  peer_database.o
    0x0002d2bc   0x0002d2bc   0x00000014   Code   RO         2197    i.pdb_write_buf_release  peer_database.o
    0x0002d2d0   0x0002d2d0   0x00000036   Code   RO         2198    i.pdb_write_buf_store  peer_database.o
    0x0002d306   0x0002d306   0x00000002   PAD
    0x0002d308   0x0002d308   0x00000010   Code   RO         2050    i.pds_evt_send      peer_data_storage.o
    0x0002d318   0x0002d318   0x000000dc   Code   RO         2051    i.pds_init          peer_data_storage.o
    0x0002d3f4   0x0002d3f4   0x00000004   Code   RO         2052    i.pds_next_deleted_peer_id_get  peer_data_storage.o
    0x0002d3f8   0x0002d3f8   0x00000004   Code   RO         2053    i.pds_next_peer_id_get  peer_data_storage.o
    0x0002d3fc   0x0002d3fc   0x00000058   Code   RO         2056    i.pds_peer_data_iterate  peer_data_storage.o
    0x0002d454   0x0002d454   0x00000010   Code   RO         2057    i.pds_peer_data_iterate_prepare  peer_data_storage.o
    0x0002d464   0x0002d464   0x00000072   Code   RO         2058    i.pds_peer_data_read  peer_data_storage.o
    0x0002d4d6   0x0002d4d6   0x00000002   PAD
    0x0002d4d8   0x0002d4d8   0x000000a0   Code   RO         2059    i.pds_peer_data_store  peer_data_storage.o
    0x0002d578   0x0002d578   0x00000008   Code   RO         2060    i.pds_peer_id_allocate  peer_data_storage.o
    0x0002d580   0x0002d580   0x00000016   Code   RO         2061    i.pds_peer_id_free  peer_data_storage.o
    0x0002d596   0x0002d596   0x00000004   Code   RO         2062    i.pds_peer_id_is_allocated  peer_data_storage.o
    0x0002d59a   0x0002d59a   0x00000002   PAD
    0x0002d59c   0x0002d59c   0x0000009c   Code   RO         2064    i.peer_data_delete_process  peer_data_storage.o
    0x0002d638   0x0002d638   0x00000030   Code   RO         2065    i.peer_data_find    peer_data_storage.o
    0x0002d668   0x0002d668   0x00000024   Code   RO         2066    i.peer_data_id_is_valid  peer_data_storage.o
    0x0002d68c   0x0002d68c   0x0000001a   Code   RO         2199    i.peer_data_point_to_buffer  peer_database.o
    0x0002d6a6   0x0002d6a6   0x00000002   PAD
    0x0002d6a8   0x0002d6a8   0x0000000c   Code   RO         2312    i.peer_id_allocate  peer_id.o
    0x0002d6b4   0x0002d6b4   0x00000024   Code   RO         2313    i.peer_id_delete    peer_id.o
    0x0002d6d8   0x0002d6d8   0x0000001c   Code   RO         2314    i.peer_id_free      peer_id.o
    0x0002d6f4   0x0002d6f4   0x0000000c   Code   RO         2315    i.peer_id_get_next_deleted  peer_id.o
    0x0002d700   0x0002d700   0x00000030   Code   RO         2316    i.peer_id_get_next_used  peer_id.o
    0x0002d730   0x0002d730   0x0000000c   Code   RO         2317    i.peer_id_init      peer_id.o
    0x0002d73c   0x0002d73c   0x00000014   Code   RO         2318    i.peer_id_is_allocated  peer_id.o
    0x0002d750   0x0002d750   0x00000014   Code   RO         2319    i.peer_id_is_deleted  peer_id.o
    0x0002d764   0x0002d764   0x0000006c   Code   RO           15    i.peer_manager_init  main.o
    0x0002d7d0   0x0002d7d0   0x00000012   Code   RO         1072    i.phy_is_valid      ble_advertising.o
    0x0002d7e2   0x0002d7e2   0x00000002   PAD
    0x0002d7e4   0x0002d7e4   0x00000018   Code   RO         3505    i.pin_in_use_by_port  nrfx_gpiote.o
    0x0002d7fc   0x0002d7fc   0x00000018   Code   RO         3506    i.pin_in_use_by_te  nrfx_gpiote.o
    0x0002d814   0x0002d814   0x00000064   Code   RO         2792    i.pm_buffer_block_acquire  pm_buffer.o
    0x0002d878   0x0002d878   0x00000024   Code   RO         2793    i.pm_buffer_init    pm_buffer.o
    0x0002d89c   0x0002d89c   0x00000028   Code   RO         2794    i.pm_buffer_ptr_get  pm_buffer.o
    0x0002d8c4   0x0002d8c4   0x00000032   Code   RO         2795    i.pm_buffer_release  pm_buffer.o
    0x0002d8f6   0x0002d8f6   0x00000002   PAD
    0x0002d8f8   0x0002d8f8   0x00000078   Code   RO         2406    i.pm_conn_sec_status_get  peer_manager.o
    0x0002d970   0x0002d970   0x0000001c   Code   RO         2407    i.pm_conn_secure    peer_manager.o
    0x0002d98c   0x0002d98c   0x00000020   Code   RO           16    i.pm_evt_handler    main.o
    0x0002d9ac   0x0002d9ac   0x00000004   Code   RO         2409    i.pm_gcm_evt_handler  peer_manager.o
    0x0002d9b0   0x0002d9b0   0x00000210   Code   RO         2700    i.pm_handler_flash_clean  peer_manager_handler.o
    0x0002dbc0   0x0002dbc0   0x0000001c   Code   RO         2701    i.pm_handler_flash_clean_on_return  peer_manager_handler.o
    0x0002dbdc   0x0002dbdc   0x00000054   Code   RO         2702    i.pm_handler_on_pm_evt  peer_manager_handler.o
    0x0002dc30   0x0002dc30   0x000002dc   Code   RO         2703    i.pm_handler_pm_evt_log  peer_manager_handler.o
    0x0002df0c   0x0002df0c   0x00000004   Code   RO         2412    i.pm_im_evt_handler  peer_manager.o
    0x0002df10   0x0002df10   0x000001bc   Code   RO         2413    i.pm_init           peer_manager.o
    0x0002e0cc   0x0002e0cc   0x00000120   Code   RO         2417    i.pm_pdb_evt_handler  peer_manager.o
    0x0002e1ec   0x0002e1ec   0x00000014   Code   RO         2428    i.pm_peer_delete    peer_manager.o
    0x0002e200   0x0002e200   0x0000011c   Code   RO         2432    i.pm_peer_rank_highest  peer_manager.o
    0x0002e31c   0x0002e31c   0x000000ec   Code   RO         2433    i.pm_peer_ranks_get  peer_manager.o
    0x0002e408   0x0002e408   0x00000094   Code   RO         2434    i.pm_peers_delete   peer_manager.o
    0x0002e49c   0x0002e49c   0x0000002c   Code   RO         2437    i.pm_register       peer_manager.o
    0x0002e4c8   0x0002e4c8   0x00000014   Code   RO         2438    i.pm_sec_params_set  peer_manager.o
    0x0002e4dc   0x0002e4dc   0x0000000a   Code   RO         2439    i.pm_sm_evt_handler  peer_manager.o
    0x0002e4e6   0x0002e4e6   0x00000002   PAD
    0x0002e4e8   0x0002e4e8   0x0000003c   Code   RO         6285    i.postfix_process   nrf_log_str_formatter.o
    0x0002e524   0x0002e524   0x00000098   Code   RO         6286    i.prefix_process    nrf_log_str_formatter.o
    0x0002e5bc   0x0002e5bc   0x00000018   Code   RO         3773    i.prs_box_get       nrfx_prs.o
    0x0002e5d4   0x0002e5d4   0x0000001c   Code   RO         4696    i.queue_buf_get     fds.o
    0x0002e5f0   0x0002e5f0   0x00000010   Code   RO         4697    i.queue_buf_store   fds.o
    0x0002e600   0x0002e600   0x00000014   Code   RO         5504    i.queue_free        nrf_fstorage_sd.o
    0x0002e614   0x0002e614   0x000000a0   Code   RO         4698    i.queue_process     fds.o
    0x0002e6b4   0x0002e6b4   0x000000a0   Code   RO         5505    i.queue_process     nrf_fstorage_sd.o
    0x0002e754   0x0002e754   0x0000001c   Code   RO         4699    i.queue_start       fds.o
    0x0002e770   0x0002e770   0x00000024   Code   RO         5506    i.queue_start       nrf_fstorage_sd.o
    0x0002e794   0x0002e794   0x0000001c   Code   RO         2706    i.rank_highest      peer_manager_handler.o
    0x0002e7b0   0x0002e7b0   0x00000028   Code   RO         2442    i.rank_vars_update  peer_manager.o
    0x0002e7d8   0x0002e7d8   0x0000000e   Code   RO         5507    i.read              nrf_fstorage_sd.o
    0x0002e7e6   0x0002e7e6   0x00000002   PAD
    0x0002e7e8   0x0002e7e8   0x000000b0   Code   RO         2200    i.reattempt_previous_operations  peer_database.o
    0x0002e898   0x0002e898   0x00000088   Code   RO         4700    i.record_find       fds.o
    0x0002e920   0x0002e920   0x000000a0   Code   RO         4701    i.record_find_by_desc  fds.o
    0x0002e9c0   0x0002e9c0   0x0000005c   Code   RO         4702    i.record_find_next  fds.o
    0x0002ea1c   0x0002ea1c   0x00000038   Code   RO         4703    i.record_header_flag_dirty  fds.o
    0x0002ea54   0x0002ea54   0x00000010   Code   RO         2321    i.release           peer_id.o
    0x0002ea64   0x0002ea64   0x00000004   Code   RO         5508    i.rmap              nrf_fstorage_sd.o
    0x0002ea68   0x0002ea68   0x0000003c   Code   RO         4408    i.rtc1_stop         app_timer.o
    0x0002eaa4   0x0002eaa4   0x00000032   Code   RO         3844    i.rx_byte           nrfx_uart.o
    0x0002ead6   0x0002ead6   0x00000016   Code   RO         3845    i.rx_done_event     nrfx_uart.o
    0x0002eaec   0x0002eaec   0x00000018   Code   RO         4034    i.rx_done_event     nrfx_uarte.o
    0x0002eb04   0x0002eb04   0x00000024   Code   RO         1484    i.sc_send_pending_handle  gatt_cache_manager.o
    0x0002eb28   0x0002eb28   0x00000050   Code   RO         3147    i.sd_state_evt_handler  nrf_drv_clock.o
    0x0002eb78   0x0002eb78   0x00000030   Code   RO         6706    i.sdh_request_observer_notify  nrf_sdh.o
    0x0002eba8   0x0002eba8   0x0000002c   Code   RO         6707    i.sdh_state_observer_notify  nrf_sdh.o
    0x0002ebd4   0x0002ebd4   0x000000b4   Code   RO         2848    i.sec_info_request_process  security_dispatcher.o
    0x0002ec88   0x0002ec88   0x000000f4   Code   RO         2849    i.sec_keyset_fill   security_dispatcher.o
    0x0002ed7c   0x0002ed7c   0x00000076   Code   RO         2988    i.sec_params_verify  security_manager.o
    0x0002edf2   0x0002edf2   0x00000002   PAD
    0x0002edf4   0x0002edf4   0x00000060   Code   RO         2850    i.sec_proc_start    security_dispatcher.o
    0x0002ee54   0x0002ee54   0x00000022   Code   RO         2851    i.send_config_req   security_dispatcher.o
    0x0002ee76   0x0002ee76   0x00000002   PAD
    0x0002ee78   0x0002ee78   0x00000010   Code   RO         1173    i.send_error_evt    ble_conn_params.o
    0x0002ee88   0x0002ee88   0x00000028   Code   RO         1485    i.send_unexpected_error  gatt_cache_manager.o
    0x0002eeb0   0x0002eeb0   0x00000028   Code   RO         2852    i.send_unexpected_error  security_dispatcher.o
    0x0002eed8   0x0002eed8   0x00000040   Code   RO         5985    i.serial_tx         nrf_log_backend_uart.o
    0x0002ef18   0x0002ef18   0x00000014   Code   RO         1486    i.service_changed_pending_flags_check  gatt_cache_manager.o
    0x0002ef2c   0x0002ef2c   0x00000044   Code   RO         1654    i.service_changed_pending_set  gatts_cache_manager.o
    0x0002ef70   0x0002ef70   0x000000f4   Code   RO         1487    i.service_changed_send_in_evt  gatt_cache_manager.o
    0x0002f064   0x0002f064   0x00000088   Code   RO          962    i.service_data_encode  ble_advdata.o
    0x0002f0ec   0x0002f0ec   0x00000064   Code   RO           17    i.services_init     main.o
    0x0002f150   0x0002f150   0x00000028   Code   RO           18    i.sleep_mode_enter  main.o
    0x0002f178   0x0002f178   0x0000002c   Code   RO         2989    i.sm_ble_evt_handler  security_manager.o
    0x0002f1a4   0x0002f1a4   0x00000058   Code   RO         2991    i.sm_init           security_manager.o
    0x0002f1fc   0x0002f1fc   0x0000000a   Code   RO         2993    i.sm_link_secure    security_manager.o
    0x0002f206   0x0002f206   0x00000002   PAD
    0x0002f208   0x0002f208   0x00000044   Code   RO         2994    i.sm_pdb_evt_handler  security_manager.o
    0x0002f24c   0x0002f24c   0x00000034   Code   RO         2996    i.sm_sec_params_set  security_manager.o
    0x0002f280   0x0002f280   0x00000060   Code   RO         2997    i.sm_smd_evt_handler  security_manager.o
    0x0002f2e0   0x0002f2e0   0x000000f4   Code   RO         2853    i.smd_ble_evt_handler  security_dispatcher.o
    0x0002f3d4   0x0002f3d4   0x00000068   Code   RO         2855    i.smd_init          security_dispatcher.o
    0x0002f43c   0x0002f43c   0x00000028   Code   RO         2856    i.smd_link_secure   security_dispatcher.o
    0x0002f464   0x0002f464   0x000000b0   Code   RO         2857    i.smd_params_reply  security_dispatcher.o
    0x0002f514   0x0002f514   0x00000040   Code   RO         2998    i.smd_params_reply_perform  security_manager.o
    0x0002f554   0x0002f554   0x00000018   Code   RO         3148    i.soc_evt_handler   nrf_drv_clock.o
    0x0002f56c   0x0002f56c   0x00000038   Code   RO         6708    i.softdevice_evt_irq_disable  nrf_sdh.o
    0x0002f5a4   0x0002f5a4   0x00000058   Code   RO         6709    i.softdevices_evt_irq_enable  nrf_sdh.o
    0x0002f5fc   0x0002f5fc   0x0000008c   Code   RO         6121    i.std_n             nrf_log_frontend.o
    0x0002f688   0x0002f688   0x00000058   Code   RO         1488    i.store_car_value   gatt_cache_manager.o
    0x0002f6e0   0x0002f6e0   0x00000080   Code   RO         4409    i.timer_list_handler  app_timer.o
    0x0002f760   0x0002f760   0x0000003c   Code   RO         4410    i.timer_list_insert  app_timer.o
    0x0002f79c   0x0002f79c   0x00000060   Code   RO         4411    i.timer_list_remove  app_timer.o
    0x0002f7fc   0x0002f7fc   0x00000048   Code   RO         4412    i.timer_stop_op_schedule  app_timer.o
    0x0002f844   0x0002f844   0x00000074   Code   RO         4413    i.timer_timeouts_check  app_timer.o
    0x0002f8b8   0x0002f8b8   0x00000020   Code   RO         3847    i.tx_byte           nrfx_uart.o
    0x0002f8d8   0x0002f8d8   0x0000001a   Code   RO         3848    i.tx_done_event     nrfx_uart.o
    0x0002f8f2   0x0002f8f2   0x00000002   PAD
    0x0002f8f4   0x0002f8f4   0x00000030   Code   RO         3282    i.uart_evt_handler  nrf_drv_uart.o
    0x0002f924   0x0002f924   0x0000000c   Code   RO         5986    i.uart_evt_handler  nrf_log_backend_uart.o
    0x0002f930   0x0002f930   0x00000050   Code   RO         5987    i.uart_init         nrf_log_backend_uart.o
    0x0002f980   0x0002f980   0x00000128   Code   RO         3849    i.uart_irq_handler  nrfx_uart.o
    0x0002faa8   0x0002faa8   0x00000030   Code   RO         3283    i.uarte_evt_handler  nrf_drv_uart.o
    0x0002fad8   0x0002fad8   0x000000f4   Code   RO         4035    i.uarte_irq_handler  nrfx_uarte.o
    0x0002fbcc   0x0002fbcc   0x0000000a   Code   RO          963    i.uint16_encode     ble_advdata.o
    0x0002fbd6   0x0002fbd6   0x00000002   PAD
    0x0002fbd8   0x0002fbd8   0x00000020   Code   RO         5509    i.uninit            nrf_fstorage_sd.o
    0x0002fbf8   0x0002fbf8   0x000000b4   Code   RO         5373    i.unsigned_print    nrf_fprintf_format.o
    0x0002fcac   0x0002fcac   0x00000030   Code   RO         1489    i.update_pending_flags_check  gatt_cache_manager.o
    0x0002fcdc   0x0002fcdc   0x00000068   Code   RO         1174    i.update_timeout_handler  ble_conn_params.o
    0x0002fd44   0x0002fd44   0x00000018   Code   RO         1073    i.use_whitelist     ble_advertising.o
    0x0002fd5c   0x0002fd5c   0x0000000c   Code   RO         1268    i.user_flag_is_acquired  ble_conn_state.o
    0x0002fd68   0x0002fd68   0x00000024   Code   RO         2007    i.user_mem_reply    nrf_ble_qwr.o
    0x0002fd8c   0x0002fd8c   0x00000030   Code   RO         4414    i.user_op_alloc     app_timer.o
    0x0002fdbc   0x0002fdbc   0x00000030   Code   RO          964    i.uuid_list_encode  ble_advdata.o
    0x0002fdec   0x0002fdec   0x0000009e   Code   RO          965    i.uuid_list_sized_encode  ble_advdata.o
    0x0002fe8a   0x0002fe8a   0x0000003a   Code   RO          681    i.wakeup_button_cfg  bsp.o
    0x0002fec4   0x0002fec4   0x00000004   Code   RO         5510    i.wmap              nrf_fstorage_sd.o
    0x0002fec8   0x0002fec8   0x00000050   Code   RO         5511    i.write             nrf_fstorage_sd.o
    0x0002ff18   0x0002ff18   0x0000014c   Code   RO         2201    i.write_buf_store   peer_database.o
    0x00030064   0x00030064   0x00000034   Code   RO         2202    i.write_buffer_record_find  peer_database.o
    0x00030098   0x00030098   0x00000030   Code   RO         2203    i.write_buffer_record_find_next  peer_database.o
    0x000300c8   0x000300c8   0x0000001c   Code   RO         2204    i.write_buffer_record_invalidate  peer_database.o
    0x000300e4   0x000300e4   0x0000002c   Code   RO         2205    i.write_buffer_record_release  peer_database.o
    0x00030110   0x00030110   0x000000e8   Code   RO         4705    i.write_enqueue     fds.o
    0x000301f8   0x000301f8   0x000000f4   Code   RO         4706    i.write_execute     fds.o
    0x000302ec   0x000302ec   0x00000018   Code   RO         4707    i.write_space_free  fds.o
    0x00030304   0x00030304   0x0000005c   Code   RO         4708    i.write_space_reserve  fds.o
    0x00030360   0x00030360   0x00000004   Data   RO           21    .constdata          main.o
    0x00030364   0x00030364   0x00000010   Data   RO          418    .constdata          ble_alarm.o
    0x00030374   0x00030374   0x00000008   Data   RO          532    .constdata          boards.o
    0x0003037c   0x0003037c   0x0000002c   Data   RO          686    .constdata          bsp.o
    0x000303a8   0x000303a8   0x00000074   Data   RO         1490    .constdata          gatt_cache_manager.o
    0x0003041c   0x0003041c   0x00000004   Data   RO         1655    .constdata          gatts_cache_manager.o
    0x00030420   0x00030420   0x00000010   Data   RO         1656    .constdata          gatts_cache_manager.o
    0x00030430   0x00030430   0x00000004   Data   RO         1657    .constdata          gatts_cache_manager.o
    0x00030434   0x00030434   0x00000008   Data   RO         1760    .constdata          id_manager.o
    0x0003043c   0x0003043c   0x00000016   Data   RO         1913    .constdata          nrf_ble_gatt.o
    0x00030452   0x00030452   0x00000002   PAD
    0x00030454   0x00030454   0x0000001c   Data   RO         2067    .constdata          peer_data_storage.o
    0x00030470   0x00030470   0x00000010   Data   RO         2207    .constdata          peer_database.o
    0x00030480   0x00030480   0x0000002c   Data   RO         2444    .constdata          peer_manager.o
    0x000304ac   0x000304ac   0x00000018   Data   RO         2707    .constdata          peer_manager_handler.o
    0x000304c4   0x000304c4   0x0000008c   Data   RO         2859    .constdata          security_dispatcher.o
    0x00030550   0x00030550   0x00000004   Data   RO         2999    .constdata          security_manager.o
    0x00030554   0x00030554   0x00000004   Data   RO         3508    .constdata          nrfx_gpiote.o
    0x00030558   0x00030558   0x00000004   Data   RO         3852    .constdata          nrfx_uart.o
    0x0003055c   0x0003055c   0x00000004   Data   RO         4038    .constdata          nrfx_uarte.o
    0x00030560   0x00030560   0x00000008   Data   RO         4177    .constdata          app_button.o
    0x00030568   0x00030568   0x00000008   PAD
    0x00030570   0x00030570   0x00000006   Data   RO         4416    .constdata          app_timer.o
    0x00030576   0x00030576   0x00000002   PAD
    0x00030578   0x00030578   0x00000018   Data   RO         4711    .constdata          fds.o
    0x00030590   0x00030590   0x00000010   Data   RO         5374    .constdata          nrf_fprintf_format.o
    0x000305a0   0x000305a0   0x0000005e   Data   RO         5420    .constdata          nrf_fstorage.o
    0x000305fe   0x000305fe   0x00000002   PAD
    0x00030600   0x00030600   0x00000010   Data   RO         5514    .constdata          nrf_fstorage_sd.o
    0x00030610   0x00030610   0x00000020   Data   RO         5515    .constdata          nrf_fstorage_sd.o
    0x00030630   0x00030630   0x00000018   Data   RO         5693    .constdata          nrf_pwr_mgmt.o
    0x00030648   0x00030648   0x0000000c   Data   RO         5694    .constdata          nrf_pwr_mgmt.o
    0x00030654   0x00030654   0x0000013c   Data   RO         5860    .constdata          nrf_strerror.o
    0x00030790   0x00030790   0x0000000c   Data   RO         5989    .constdata          nrf_log_backend_uart.o
    0x0003079c   0x0003079c   0x00000020   Data   RO         5990    .constdata          nrf_log_backend_uart.o
    0x000307bc   0x000307bc   0x0000000c   Data   RO         6126    .constdata          nrf_log_frontend.o
    0x000307c8   0x000307c8   0x00000010   Data   RO         6710    .constdata          nrf_sdh.o
    0x000307d8   0x000307d8   0x00000028   Data   RO         6711    .constdata          nrf_sdh.o
    0x00030800   0x00030800   0x00000010   Data   RO         6712    .constdata          nrf_sdh.o
    0x00030810   0x00030810   0x00000010   Data   RO         6713    .constdata          nrf_sdh.o
    0x00030820   0x00030820   0x00000020   Data   RO         6821    .constdata          nrf_sdh_ble.o
    0x00030840   0x00030840   0x00000010   Data   RO         6822    .constdata          nrf_sdh_ble.o
    0x00030850   0x00030850   0x00000010   Data   RO         6872    .constdata          nrf_sdh_soc.o
    0x00030860   0x00030860   0x0000000c   Data   RO         6873    .constdata          nrf_sdh_soc.o
    0x0003086c   0x0003086c   0x00000081   Data   RO         6959    .constdata          mc_w.l(ctype_o.o)
    0x000308ed   0x000308ed   0x00000003   PAD
    0x000308f0   0x000308f0   0x00000004   Data   RO         6960    .constdata          mc_w.l(ctype_o.o)
    0x000308f4   0x000308f4   0x000001a4   Data   RO         1491    .conststring        gatt_cache_manager.o
    0x00030a98   0x00030a98   0x00000144   Data   RO         1658    .conststring        gatts_cache_manager.o
    0x00030bdc   0x00030bdc   0x000000a2   Data   RO         1914    .conststring        nrf_ble_gatt.o
    0x00030c7e   0x00030c7e   0x00000002   PAD
    0x00030c80   0x00030c80   0x000000e8   Data   RO         2068    .conststring        peer_data_storage.o
    0x00030d68   0x00030d68   0x00000180   Data   RO         2208    .conststring        peer_database.o
    0x00030ee8   0x00030ee8   0x00000090   Data   RO         2445    .conststring        peer_manager.o
    0x00030f78   0x00030f78   0x000002ca   Data   RO         2708    .conststring        peer_manager_handler.o
    0x00031242   0x00031242   0x00000002   PAD
    0x00031244   0x00031244   0x00000242   Data   RO         2860    .conststring        security_dispatcher.o
    0x00031486   0x00031486   0x00000002   PAD
    0x00031488   0x00031488   0x0000017b   Data   RO         3000    .conststring        security_manager.o
    0x00031603   0x00031603   0x00000001   PAD
    0x00031604   0x00031604   0x0000004f   Data   RO         5421    .conststring        nrf_fstorage.o
    0x00031653   0x00031653   0x00000001   PAD
    0x00031654   0x00031654   0x000003eb   Data   RO         5861    .conststring        nrf_strerror.o
    0x00031a3f   0x00031a3f   0x00000001   PAD
    0x00031a40   0x00031a40   0x00000066   Data   RO         6287    .conststring        nrf_log_str_formatter.o
    0x00031aa6   0x00031aa6   0x00000002   PAD
    0x00031aa8   0x00031aa8   0x00000188   Data   RO         6823    .conststring        nrf_sdh_ble.o
    0x00031c30   0x00031c30   0x00000011   Data   RO         1492    .conststrlit        gatt_cache_manager.o
    0x00031c41   0x00031c41   0x00000003   PAD
    0x00031c44   0x00031c44   0x00000012   Data   RO         1659    .conststrlit        gatts_cache_manager.o
    0x00031c56   0x00031c56   0x00000002   PAD
    0x00031c58   0x00031c58   0x00000010   Data   RO         1762    .conststrlit        id_manager.o
    0x00031c68   0x00031c68   0x0000000d   Data   RO         1915    .conststrlit        nrf_ble_gatt.o
    0x00031c75   0x00031c75   0x00000003   PAD
    0x00031c78   0x00031c78   0x00000011   Data   RO         2069    .conststrlit        peer_data_storage.o
    0x00031c89   0x00031c89   0x00000003   PAD
    0x00031c8c   0x00031c8c   0x00000011   Data   RO         2209    .conststrlit        peer_database.o
    0x00031c9d   0x00031c9d   0x00000003   PAD
    0x00031ca0   0x00031ca0   0x0000000d   Data   RO         2446    .conststrlit        peer_manager.o
    0x00031cad   0x00031cad   0x00000003   PAD
    0x00031cb0   0x00031cb0   0x00000015   Data   RO         2710    .conststrlit        peer_manager_handler.o
    0x00031cc5   0x00031cc5   0x00000003   PAD
    0x00031cc8   0x00031cc8   0x00000011   Data   RO         2861    .conststrlit        security_dispatcher.o
    0x00031cd9   0x00031cd9   0x00000003   PAD
    0x00031cdc   0x00031cdc   0x00000010   Data   RO         3001    .conststrlit        security_manager.o
    0x00031cec   0x00031cec   0x00000006   Data   RO         3154    .conststrlit        nrf_drv_clock.o
    0x00031cf2   0x00031cf2   0x00000002   PAD
    0x00031cf4   0x00031cf4   0x00000006   Data   RO         3350    .conststrlit        nrfx_clock.o
    0x00031cfa   0x00031cfa   0x00000002   PAD
    0x00031cfc   0x00031cfc   0x00000007   Data   RO         3512    .conststrlit        nrfx_gpiote.o
    0x00031d03   0x00031d03   0x00000001   PAD
    0x00031d04   0x00031d04   0x00000004   Data   RO         3775    .conststrlit        nrfx_prs.o
    0x00031d08   0x00031d08   0x00000005   Data   RO         3855    .conststrlit        nrfx_uart.o
    0x00031d0d   0x00031d0d   0x00000003   PAD
    0x00031d10   0x00031d10   0x00000006   Data   RO         4041    .conststrlit        nrfx_uarte.o
    0x00031d16   0x00031d16   0x00000002   PAD
    0x00031d18   0x00031d18   0x0000000d   Data   RO         5422    .conststrlit        nrf_fstorage.o
    0x00031d25   0x00031d25   0x00000003   PAD
    0x00031d28   0x00031d28   0x00000009   Data   RO         5695    .conststrlit        nrf_pwr_mgmt.o
    0x00031d31   0x00031d31   0x00000003   PAD
    0x00031d34   0x00031d34   0x00000011   Data   RO         6061    .conststrlit        nrf_log_default_backends.o
    0x00031d45   0x00031d45   0x00000003   PAD
    0x00031d48   0x00031d48   0x00000004   Data   RO         6127    .conststrlit        nrf_log_frontend.o
    0x00031d4c   0x00031d4c   0x00000008   Data   RO         6714    .conststrlit        nrf_sdh.o
    0x00031d54   0x00031d54   0x0000000c   Data   RO         6824    .conststrlit        nrf_sdh_ble.o
    0x00031d60   0x00031d60   0x0000000c   Data   RO         6874    .conststrlit        nrf_sdh_soc.o
    0x00031d6c   0x00031d6c   0x00000020   Data   RO         7020    Region$$Table       anon$$obj.o
    0x00031d8c   0x00031d8c   0x00000010   Data   RO         6063    log_backends        nrf_log_default_backends.o
    0x00031d9c   0x00031d9c   0x00000008   Data   RO         1494    log_const_data      gatt_cache_manager.o
    0x00031da4   0x00031da4   0x00000008   Data   RO         1661    log_const_data      gatts_cache_manager.o
    0x00031dac   0x00031dac   0x00000008   Data   RO         1764    log_const_data      id_manager.o
    0x00031db4   0x00031db4   0x00000008   Data   RO         1916    log_const_data      nrf_ble_gatt.o
    0x00031dbc   0x00031dbc   0x00000008   Data   RO         2071    log_const_data      peer_data_storage.o
    0x00031dc4   0x00031dc4   0x00000008   Data   RO         2211    log_const_data      peer_database.o
    0x00031dcc   0x00031dcc   0x00000008   Data   RO         2448    log_const_data      peer_manager.o
    0x00031dd4   0x00031dd4   0x00000008   Data   RO         2713    log_const_data      peer_manager_handler.o
    0x00031ddc   0x00031ddc   0x00000008   Data   RO         2863    log_const_data      security_dispatcher.o
    0x00031de4   0x00031de4   0x00000008   Data   RO         3003    log_const_data      security_manager.o
    0x00031dec   0x00031dec   0x00000008   Data   RO         3155    log_const_data      nrf_drv_clock.o
    0x00031df4   0x00031df4   0x00000008   Data   RO         3352    log_const_data      nrfx_clock.o
    0x00031dfc   0x00031dfc   0x00000008   Data   RO         3513    log_const_data      nrfx_gpiote.o
    0x00031e04   0x00031e04   0x00000008   Data   RO         3777    log_const_data      nrfx_prs.o
    0x00031e0c   0x00031e0c   0x00000008   Data   RO         3856    log_const_data      nrfx_uart.o
    0x00031e14   0x00031e14   0x00000008   Data   RO         4042    log_const_data      nrfx_uarte.o
    0x00031e1c   0x00031e1c   0x00000008   Data   RO         5423    log_const_data      nrf_fstorage.o
    0x00031e24   0x00031e24   0x00000008   Data   RO         5697    log_const_data      nrf_pwr_mgmt.o
    0x00031e2c   0x00031e2c   0x00000008   Data   RO         6130    log_const_data      nrf_log_frontend.o
    0x00031e34   0x00031e34   0x00000008   Data   RO         6716    log_const_data      nrf_sdh.o
    0x00031e3c   0x00031e3c   0x00000008   Data   RO         6826    log_const_data      nrf_sdh_ble.o
    0x00031e44   0x00031e44   0x00000008   Data   RO         6875    log_const_data      nrf_sdh_soc.o
    0x00031e4c   0x00031e4c   0x00000014   Data   RO         6131    nrf_balloc          nrf_log_frontend.o
    0x00031e60   0x00031e60   0x00000008   Data   RO         1270    sdh_ble_observers0  ble_conn_state.o
    0x00031e68   0x00031e68   0x00000010   Data   RO           23    sdh_ble_observers1  main.o
    0x00031e78   0x00031e78   0x00000008   Data   RO          795    sdh_ble_observers1  bsp_btn_ble.o
    0x00031e80   0x00031e80   0x00000008   Data   RO         1177    sdh_ble_observers1  ble_conn_params.o
    0x00031e88   0x00031e88   0x00000008   Data   RO         2449    sdh_ble_observers1  peer_manager.o
    0x00031e90   0x00031e90   0x00000010   Data   RO           24    sdh_ble_observers2  main.o
    0x00031ea0   0x00031ea0   0x00000008   Data   RO           25    sdh_ble_observers3  main.o
    0x00031ea8   0x00031ea8   0x00000008   Data   RO         5517    sdh_req_observers0  nrf_fstorage_sd.o
    0x00031eb0   0x00031eb0   0x00000008   Data   RO         3156    sdh_soc_observers0  nrf_drv_clock.o
    0x00031eb8   0x00031eb8   0x00000008   Data   RO         5518    sdh_soc_observers0  nrf_fstorage_sd.o
    0x00031ec0   0x00031ec0   0x00000008   Data   RO           26    sdh_soc_observers1  main.o
    0x00031ec8   0x00031ec8   0x00000008   Data   RO         6827    sdh_stack_observers0  nrf_sdh_ble.o
    0x00031ed0   0x00031ed0   0x00000008   Data   RO         6876    sdh_stack_observers0  nrf_sdh_soc.o
    0x00031ed8   0x00031ed8   0x00000008   Data   RO         3157    sdh_state_observers0  nrf_drv_clock.o
    0x00031ee0   0x00031ee0   0x00000008   Data   RO         5519    sdh_state_observers0  nrf_fstorage_sd.o


    Execution Region RW_IRAM1 (Exec base: 0x20002220, Load base: 0x00031ee8, Size: 0x00003230, Max: 0x0000dde0, ABSOLUTE, COMPRESSED[0x0000008c])

    Exec Addr    Load Addr    Size         Type   Attr      Idx    E Section Name        Object

    0x20002220   COMPRESSED   0x00000008   Data   RW           22    .data               main.o
    0x20002228   COMPRESSED   0x00000010   Data   RW          687    .data               bsp.o
    0x20002238   COMPRESSED   0x00000008   Data   RW          794    .data               bsp_btn_ble.o
    0x20002240   COMPRESSED   0x00000008   Data   RW         1176    .data               ble_conn_params.o
    0x20002248   COMPRESSED   0x00000010   Data   RW         1493    .data               gatt_cache_manager.o
    0x20002258   COMPRESSED   0x00000006   Data   RW         1660    .data               gatts_cache_manager.o
    0x2000225e   COMPRESSED   0x00000002   PAD
    0x20002260   COMPRESSED   0x0000000c   Data   RW         2070    .data               peer_data_storage.o
    0x2000226c   COMPRESSED   0x00000008   Data   RW         2210    .data               peer_database.o
    0x20002274   COMPRESSED   0x00000010   Data   RW         2447    .data               peer_manager.o
    0x20002284   COMPRESSED   0x00000060   Data   RW         2711    .data               peer_manager_handler.o
    0x200022e4   COMPRESSED   0x00000005   Data   RW         2862    .data               security_dispatcher.o
    0x200022e9   COMPRESSED   0x00000003   PAD
    0x200022ec   COMPRESSED   0x00000015   Data   RW         3002    .data               security_manager.o
    0x20002301   COMPRESSED   0x00000003   PAD
    0x20002304   COMPRESSED   0x0000000c   Data   RW         3284    .data               nrf_drv_uart.o
    0x20002310   COMPRESSED   0x00000008   Data   RW         3351    .data               nrfx_clock.o
    0x20002318   COMPRESSED   0x00000008   Data   RW         3776    .data               nrfx_prs.o
    0x20002320   COMPRESSED   0x00000020   Data   RW         4178    .data               app_button.o
    0x20002340   COMPRESSED   0x00000014   Data   RW         4417    .data               app_timer.o
    0x20002354   COMPRESSED   0x00000030   Data   RW         4712    .data               fds.o
    0x20002384   COMPRESSED   0x00000008   Data   RW         5516    .data               nrf_fstorage_sd.o
    0x2000238c   COMPRESSED   0x00000008   Data   RW         5696    .data               nrf_pwr_mgmt.o
    0x20002394   COMPRESSED   0x00000018   Data   RW         5991    .data               nrf_log_backend_uart.o
    0x200023ac   COMPRESSED   0x00000008   Data   RW         6062    .data               nrf_log_default_backends.o
    0x200023b4   COMPRESSED   0x00000008   Data   RW         6128    .data               nrf_log_frontend.o
    0x200023bc   COMPRESSED   0x00000008   Data   RW         6129    .data               nrf_log_frontend.o
    0x200023c4   COMPRESSED   0x00000040   Data   RW         6288    .data               nrf_log_str_formatter.o
    0x20002404   COMPRESSED   0x00000003   Data   RW         6715    .data               nrf_sdh.o
    0x20002407   COMPRESSED   0x00000001   Data   RW         6825    .data               nrf_sdh_ble.o
    0x20002408   COMPRESSED   0x00000004   Data   RW         6915    .data               system_nrf52.o
    0x2000240c   COMPRESSED   0x00000014   Data   RW         4713    fs_data             fds.o
    0x20002420        -       0x00000020   Zero   RW           19    .bss                main.o
    0x20002440        -       0x00000294   Zero   RW           20    .bss                main.o
    0x200026d4        -       0x00000020   Zero   RW          682    .bss                bsp.o
    0x200026f4        -       0x00000020   Zero   RW          683    .bss                bsp.o
    0x20002714        -       0x0000000c   Zero   RW          684    .bss                bsp.o
    0x20002720        -       0x00000020   Zero   RW          685    .bss                bsp.o
    0x20002740        -       0x00000050   Zero   RW         1175    .bss                ble_conn_params.o
    0x20002790        -       0x00000078   Zero   RW         1269    .bss                ble_conn_state.o
    0x20002808        -       0x000000d8   Zero   RW         1759    .bss                id_manager.o
    0x200028e0        -       0x00000180   Zero   RW         2206    .bss                peer_database.o
    0x20002a60        -       0x00000040   Zero   RW         2322    .bss                peer_id.o
    0x20002aa0        -       0x0000000c   Zero   RW         2443    .bss                peer_manager.o
    0x20002aac        -       0x00000040   Zero   RW         2858    .bss                security_dispatcher.o
    0x20002aec        -       0x00000014   Zero   RW         3149    .bss                nrf_drv_clock.o
    0x20002b00        -       0x0000005c   Zero   RW         3507    .bss                nrfx_gpiote.o
    0x20002b5c        -       0x0000002c   Zero   RW         3850    .bss                nrfx_uart.o
    0x20002b88        -       0x00000024   Zero   RW         4036    .bss                nrfx_uarte.o
    0x20002bac        -       0x00000020   Zero   RW         4176    .bss                app_button.o
    0x20002bcc        -       0x0000010c   Zero   RW         4415    .bss                app_timer.o
    0x20002cd8        -       0x0000000c   Zero   RW         4568    .bss                app_util_platform.o
    0x20002ce4        -       0x00000010   Zero   RW         4709    .bss                fds.o
    0x20002cf4        -       0x000000e0   Zero   RW         4710    .bss                fds.o
    0x20002dd4        -       0x00000010   Zero   RW         5512    .bss                nrf_fstorage_sd.o
    0x20002de4        -       0x000000a0   Zero   RW         5513    .bss                nrf_fstorage_sd.o
    0x20002e84        -       0x0000000c   Zero   RW         5692    .bss                nrf_pwr_mgmt.o
    0x20002e90        -       0x00000040   Zero   RW         5988    .bss                nrf_log_backend_uart.o
    0x20002ed0        -       0x000000c0   Zero   RW         6122    .bss                nrf_log_frontend.o
    0x20002f90        -       0x00000080   Zero   RW         6123    .bss                nrf_log_frontend.o
    0x20003010        -       0x00000018   Zero   RW         6124    .bss                nrf_log_frontend.o
    0x20003028        -       0x00000424   Zero   RW         6125    .bss                nrf_log_frontend.o
    0x2000344c   COMPRESSED   0x00000004   PAD
    0x20003450        -       0x00002000   Zero   RW         6903    STACK               arm_startup_nrf52.o


==============================================================================

Image component sizes


      Code (inc. data)   RO Data    RW Data    ZI Data      Debug   Object Name

       440         36          8         32         32      13054   app_button.o
        22          0          0          0          0       2453   app_error.o
       132         46          0          0          0      30577   app_error_weak.o
         0          0          0          0          0      36686   app_scheduler.o
      1510        118          6         20        268      48463   app_timer.o
       124         14          0          0         12       9590   app_util_platform.o
        36          8        512          0       8192        928   arm_startup_nrf52.o
      1324          0          0          0          0      59976   ble_advdata.o
      1094          6          0          0          0      19644   ble_advertising.o
       732         30         16          0          0      39364   ble_alarm.o
       636         44          8          8         80      12659   ble_conn_params.o
       718         56          8          0        120      14159   ble_conn_state.o
         8          0          0          0          0       1454   ble_srv_common.o
       358         40          8          0          0      93097   boards.o
       998         84         44         16        108      19779   bsp.o
       252         10          8          8          0      53768   bsp_btn_ble.o
      3426        314         24         68        240      49955   fds.o
      1848        544        561         16          0      33880   gatt_cache_manager.o
       578         70        374          6          0      15451   gatts_cache_manager.o
       946         34         32          0        216      15064   id_manager.o
      1348        226         52          8        692     165541   main.o
       342          0          0          0          0       6710   nrf_atfifo.o
       170          0          0          0          0       4756   nrf_atflags.o
       332          0          0          0          0      10142   nrf_atomic.o
       164          0          0          0          0       3632   nrf_balloc.o
       922        272        205          0          0      36423   nrf_ble_gatt.o
       276          0          0          0          0       6201   nrf_ble_qwr.o
       276         34         30          0         20      39976   nrf_drv_clock.o
       200         26          0         12          0      17868   nrf_drv_uart.o
        50          0          0          0          0       3529   nrf_fprintf.o
       850          4         16          0          0       5478   nrf_fprintf_format.o
       972        432        194          0          0       8028   nrf_fstorage.o
       798         82         72          8        176      16011   nrf_fstorage_sd.o
       200          0          0          0          0      11541   nrf_log_backend_serial.o
       232         44         44         24         64      21078   nrf_log_backend_uart.o
        28          4         33          8          0       3337   nrf_log_default_backends.o
      1512        114         44         16       1404      31356   nrf_log_frontend.o
       566        108        102         64          0       5628   nrf_log_str_formatter.o
       346          0          0          0          0       9571   nrf_memobj.o
       108         16         53          8         12      36834   nrf_pwr_mgmt.o
        28          0          0          0          0       2363   nrf_ringbuf.o
       552         60        104          3          0      41740   nrf_sdh.o
       672        232        468          1          0       5869   nrf_sdh_ble.o
        60          4         56          0          0       2468   nrf_sdh_soc.o
        78          0          0          0          0       2784   nrf_section_iter.o
        76         10       1319          0          0       2743   nrf_strerror.o
       226         30         14          8          0      41350   nrfx_clock.o
      1226         92         19          0         92      58631   nrfx_gpiote.o
       112         16         12          8          0       4488   nrfx_prs.o
      1292         40         17          0         44      31269   nrfx_uart.o
      1134         44         18          0         36      24335   nrfx_uarte.o
      1152        144        285         12          0      18238   peer_data_storage.o
      1442        260        425          8        384      19446   peer_database.o
       314         38          0          0         64       9147   peer_id.o
      1774        456        217         16         12      20441   peer_manager.o
      1720        822        767         96          0      13320   peer_manager_handler.o
       234          0          0          0          0       5447   pm_buffer.o
      1912        260        743          5         64      26799   security_dispatcher.o
      1108        114        407         21          0      49630   security_manager.o
       796         70          0          4          0       2943   system_nrf52.o

    ----------------------------------------------------------------------
     40856       5508       7424        512      12336    1397092   Object Totals
         0          0         32          0          0          0   (incl. Generated)
        74          0         67          8          4          0   (incl. Padding)

    ----------------------------------------------------------------------

      Code (inc. data)   RO Data    RW Data    ZI Data      Debug   Library Member Name

        86          0          0          0          0          0   __dczerorl2.o
         8          4        133          0          0         68   ctype_o.o
         0          0          0          0          0          0   entry.o
         0          0          0          0          0          0   entry10a.o
         0          0          0          0          0          0   entry11a.o
         8          4          0          0          0          0   entry2.o
         4          0          0          0          0          0   entry5.o
         0          0          0          0          0          0   entry7b.o
         0          0          0          0          0          0   entry8b.o
         8          4          0          0          0          0   entry9a.o
        30          0          0          0          0          0   handlers.o
        36          8          0          0          0         68   init.o
        30          0          0          0          0         68   llshl.o
        32          0          0          0          0         68   llushr.o
        26          0          0          0          0         80   memcmp.o
        36          0          0          0          0         68   memcpya.o
        36          0          0          0          0        108   memseta.o
        14          0          0          0          0         68   strlen.o
        98          0          0          0          0         92   uldiv.o

    ----------------------------------------------------------------------
       456         20        136          0          0        688   Library Totals
         4          0          3          0          0          0   (incl. Padding)

    ----------------------------------------------------------------------

      Code (inc. data)   RO Data    RW Data    ZI Data      Debug   Library Name

       452         20        133          0          0        688   mc_w.l

    ----------------------------------------------------------------------
       456         20        136          0          0        688   Library Totals

    ----------------------------------------------------------------------

==============================================================================


      Code (inc. data)   RO Data    RW Data    ZI Data      Debug   

     41312       5528       7560        512      12336    1347756   Grand Totals
     41312       5528       7560        140      12336    1347756   ELF Image Totals (compressed)
     41312       5528       7560        140          0          0   ROM Totals

==============================================================================

    Total RO  Size (Code + RO Data)                48872 (  47.73kB)
    Total RW  Size (RW Data + ZI Data)             12848 (  12.55kB)
    Total ROM Size (Code + RO Data + RW Data)      49012 (  47.86kB)

==============================================================================

